<html>
<body>
<pre>
<h1>µVision Build Log</h1>
<h2>Tool Versions:</h2>
IDE-Version: µVision V5.15
Copyright (C) 2015 ARM Ltd and ARM Germany GmbH. All rights reserved.
License Information: Thinh Nguyen, STYL Solution, LIC=JL28T-RANJ2-2ZNW4-FYY17-NT05M-0Y39Y
 
Tool Versions:
Toolchain:       MDK-ARM Standard  Version: 5.15.0
Toolchain Path:  C:\Keil_v5\ARM\ARMCC\Bin
C Compiler:      Armcc.exe V5.05 update 2 (build 169)
Assembler:       Armasm.exe V5.05 update 2 (build 169)
Linker/Locator:  ArmLink.exe V5.05 update 2 (build 169)
Library Manager: ArmAr.exe V5.05 update 2 (build 169)
Hex Converter:   FromElf.exe V5.05 update 2 (build 169)
CPU DLL:         SARMCM3.DLL V5.15.0
Dialog DLL:      DARMSTM.DLL V1.65.0.0
Target DLL:      STLink\ST-LINKIII-KEIL_SWO.dll V2.0.15.0_KEIL
Dialog DLL:      TARMSTM.DLL V1.64.0.0
 
<h2>Project:</h2>
D:\EmbeddedSystem\STM32F10xx\SolarUtility\SolarUltility.uvprojx
Project File Date:  05/28/2016

<h2>Output:</h2>
*** Using Compiler 'V5.05 update 2 (build 169)', folder: 'C:\Keil_v5\ARM\ARMCC\Bin'
Rebuild target 'SolarUltility'
creating preprocessor file for main.c...
compiling main.c...
Application\main.c(31): warning:  #111-D: statement is unreachable
        return SUCCESS;
Application\main.c: 1 warning, 0 errors
creating preprocessor file for crystalconfig.c...
compiling crystalconfig.c...
creating preprocessor file for relay.c...
compiling relay.c...
creating preprocessor file for AMES_Delay.c...
compiling AMES_Delay.c...
creating preprocessor file for glcd.c...
compiling glcd.c...
creating preprocessor file for graphic.c...
compiling graphic.c...
creating preprocessor file for KS0108.c...
compiling KS0108.c...
creating preprocessor file for KS0108-STM32.c...
compiling KS0108-STM32.c...
creating preprocessor file for core_cm3.c...
compiling core_cm3.c...
creating preprocessor file for system_stm32f10x.c...
compiling system_stm32f10x.c...
assembling startup_stm32f10x_md.s...
creating preprocessor file for misc.c...
compiling misc.c...
creating preprocessor file for stm32f10x_rcc.c...
compiling stm32f10x_rcc.c...
creating preprocessor file for stm32f10x_gpio.c...
compiling stm32f10x_gpio.c...
linking...
Program Size: Code=2580 RO-data=268 RW-data=32 ZI-data=1024  
FromELF: creating hex file...
".\Objects\SolarUltility.axf" - 0 Error(s), 1 Warning(s).

<h2>Collection of Component include folders:</h2>
  D:\EmbeddedSystem\STM32F10xx\SolarUtility\RTE
  C:\Keil_v5\ARM\PACK\Keil\STM32F1xx_DFP\1.1.0\Device\Include

<h2>Collection of Component Files used:</h2>
</pre>
</body>
</html>
