<html>
<body>
<pre>
<h1>µVision Build Log</h1>
<h2>Tool Versions:</h2>
IDE-Version: µVision V5.16a
Copyright (C) 2015 ARM Ltd and ARM Germany GmbH. All rights reserved.
License Information: Thinh Nguyen, TERORISK, LIC=GE730-B2KVR-JML98-3M99A-V9YMM-5SG9H
 
Tool Versions:
Toolchain:       MDK-ARM Professional  Version: 5.16a
Toolchain Path:  C:\Keil_v5\ARM\ARMCC\Bin
C Compiler:      Armcc.exe V5.06 (build 20)
Assembler:       Armasm.exe V5.06 (build 20)
Linker/Locator:  ArmLink.exe V5.06 (build 20)
Library Manager: ArmAr.exe V5.06 (build 20)
Hex Converter:   FromElf.exe V5.06 (build 20)
CPU DLL:         SARMCM3.DLL V5.16a
Dialog DLL:      DARMSTM.DLL V1.65.0.0
Target DLL:      STLink\ST-LINKIII-KEIL_SWO.dll V2.0.17.0
Dialog DLL:      TARMSTM.DLL V1.64.0.0
 
<h2>Project:</h2>
D:\ARM\SolarUtility\SolarUltility.uvprojx
Project File Date:  05/30/2016

<h2>Output:</h2>
*** Using Compiler 'V5.06 (build 20)', folder: 'C:\Keil_v5\ARM\ARMCC\Bin'
Rebuild target 'SolarUltility'
creating preprocessor file for main.c...
.\Application\xtask.h(18): warning:  #1-D: last line of file ends without a newline
  void BUZZER_TASK(void *pvParameters);
Application\main.c: 1 warning, 0 errors
creating preprocessor file for xTask.c...
.\Application\xtask.h(18): warning:  #1-D: last line of file ends without a newline
  void BUZZER_TASK(void *pvParameters);
Application\xTask.c: 1 warning, 0 errors
creating preprocessor file for list.c...
compiling list.c...
compiling main.c...
.\Application\xtask.h(18): warning:  #1-D: last line of file ends without a newline
  void BUZZER_TASK(void *pvParameters);
Application\main.c: 1 warning, 0 errors
creating preprocessor file for queue.c...
compiling xTask.c...
.\Application\xtask.h(18): warning:  #1-D: last line of file ends without a newline
  void BUZZER_TASK(void *pvParameters);
Application\xTask.c: 1 warning, 0 errors
creating preprocessor file for tasks.c...
creating preprocessor file for timers.c...
compiling queue.c...
creating preprocessor file for port.c...
compiling timers.c...
compiling tasks.c...
creating preprocessor file for heap_2.c...
compiling port.c...
compiling heap_2.c...
creating preprocessor file for crystalconfig.c...
creating preprocessor file for relay.c...
creating preprocessor file for buzzer.c...
Driver\buzzer.c(111): warning:  #1-D: last line of file ends without a newline
  }
Driver\buzzer.c: 1 warning, 0 errors
compiling crystalconfig.c...
creating preprocessor file for core_cm3.c...
compiling relay.c...
compiling buzzer.c...
Driver\buzzer.c(111): warning:  #1-D: last line of file ends without a newline
  }
Driver\buzzer.c: 1 warning, 0 errors
creating preprocessor file for system_stm32f10x.c...
compiling core_cm3.c...
assembling startup_stm32f10x_md.s...
creating preprocessor file for misc.c...
compiling system_stm32f10x.c...
creating preprocessor file for stm32f10x_rcc.c...
compiling misc.c...
creating preprocessor file for stm32f10x_gpio.c...
creating preprocessor file for stm32f10x_tim.c...
compiling stm32f10x_rcc.c...
compiling stm32f10x_gpio.c...
compiling stm32f10x_tim.c...
linking...
Program Size: Code=14844 RO-data=268 RW-data=156 ZI-data=11508  
FromELF: creating hex file...
".\Objects\SolarUltility.axf" - 0 Error(s), 6 Warning(s).

<h2>Collection of Component include folders:</h2>
  D:\ARM\SolarUtility\RTE
  C:\Keil_v5\ARM\PACK\Keil\STM32F1xx_DFP\2.1.0\Device\Include

<h2>Collection of Component Files used:</h2>
Build Time Elapsed:  00:00:09
</pre>
</body>
</html>
