Component: ARM Compiler 5.05 update 2 (build 169) Tool: armlink [4d0f33]

==============================================================================

Section Cross References

    main.o(i.main) refers to crystalconfig.o(i.crystal_Init) for crystal_Init
    main.o(i.main) refers to glcd.o(i.glcd_init) for glcd_init
    main.o(i.main) refers to glcd.o(i.glcd_backlinght) for glcd_backlinght
    main.o(i.main) refers to relay.o(i.relay_init) for relay_init
    main.o(i.main) refers to relay.o(i.relay_onoff) for relay_onoff
    main.o(i.main) refers to ames_delay.o(i.Delay_ms) for Delay_ms
    crystalconfig.o(i.crystal_Init) refers to stm32f10x_rcc.o(i.RCC_DeInit) for RCC_DeInit
    crystalconfig.o(i.crystal_Init) refers to stm32f10x_rcc.o(i.RCC_HSEConfig) for RCC_HSEConfig
    crystalconfig.o(i.crystal_Init) refers to stm32f10x_rcc.o(i.RCC_WaitForHSEStartUp) for RCC_WaitForHSEStartUp
    crystalconfig.o(i.crystal_Init) refers to stm32f10x_rcc.o(i.RCC_HCLKConfig) for RCC_HCLKConfig
    crystalconfig.o(i.crystal_Init) refers to stm32f10x_rcc.o(i.RCC_PCLK2Config) for RCC_PCLK2Config
    crystalconfig.o(i.crystal_Init) refers to stm32f10x_rcc.o(i.RCC_PCLK1Config) for RCC_PCLK1Config
    crystalconfig.o(i.crystal_Init) refers to stm32f10x_rcc.o(i.RCC_PLLConfig) for RCC_PLLConfig
    crystalconfig.o(i.crystal_Init) refers to stm32f10x_rcc.o(i.RCC_PLLCmd) for RCC_PLLCmd
    crystalconfig.o(i.crystal_Init) refers to stm32f10x_rcc.o(i.RCC_GetFlagStatus) for RCC_GetFlagStatus
    crystalconfig.o(i.crystal_Init) refers to stm32f10x_rcc.o(i.RCC_SYSCLKConfig) for RCC_SYSCLKConfig
    crystalconfig.o(i.crystal_Init) refers to stm32f10x_rcc.o(i.RCC_GetSYSCLKSource) for RCC_GetSYSCLKSource
    crystalconfig.o(i.crystal_Init) refers to misc.o(i.SysTick_CLKSourceConfig) for SysTick_CLKSourceConfig
    crystalconfig.o(i.crystal_Init) refers to system_stm32f10x.o(i.SystemCoreClockUpdate) for SystemCoreClockUpdate
    crystalconfig.o(i.crystal_Init) refers to system_stm32f10x.o(.data) for SystemCoreClock
    relay.o(i.relay_init) refers to stm32f10x_rcc.o(i.RCC_APB2PeriphClockCmd) for RCC_APB2PeriphClockCmd
    relay.o(i.relay_init) refers to stm32f10x_gpio.o(i.GPIO_PinRemapConfig) for GPIO_PinRemapConfig
    relay.o(i.relay_init) refers to stm32f10x_gpio.o(i.GPIO_Init) for GPIO_Init
    relay.o(i.relay_init) refers to stm32f10x_gpio.o(i.GPIO_ResetBits) for GPIO_ResetBits
    relay.o(i.relay_onoff) refers to stm32f10x_gpio.o(i.GPIO_SetBits) for GPIO_SetBits
    relay.o(i.relay_onoff) refers to stm32f10x_gpio.o(i.GPIO_ResetBits) for GPIO_ResetBits
    ames_delay.o(i.Delay_ms) refers to ames_delay.o(.data) for .data
    ames_delay.o(i.SysTick_Handler) refers to ames_delay.o(.data) for .data
    glcd.o(i.glcd_backlinght) refers to stm32f10x_gpio.o(i.GPIO_SetBits) for GPIO_SetBits
    glcd.o(i.glcd_backlinght) refers to stm32f10x_gpio.o(i.GPIO_ResetBits) for GPIO_ResetBits
    glcd.o(i.glcd_init) refers to ks0108.o(i.GLCD_Initialize) for GLCD_Initialize
    glcd.o(i.glcd_init) refers to ks0108.o(i.GLCD_ClearScreen) for GLCD_ClearScreen
    graphic.o(i.GLCD_Circle) refers to ks0108.o(i.GLCD_SetPixel) for GLCD_SetPixel
    graphic.o(i.GLCD_Line) refers to ks0108.o(i.GLCD_SetPixel) for GLCD_SetPixel
    graphic.o(i.GLCD_Rectangle) refers to ks0108.o(i.GLCD_SetPixel) for GLCD_SetPixel
    ks0108.o(i.GLCD_Bitmap) refers to ks0108.o(i.GLCD_GoTo) for GLCD_GoTo
    ks0108.o(i.GLCD_Bitmap) refers to ks0108-stm32.o(i.GLCD_ReadByteFromROMMemory) for GLCD_ReadByteFromROMMemory
    ks0108.o(i.GLCD_Bitmap) refers to ks0108-stm32.o(i.GLCD_WriteData) for GLCD_WriteData
    ks0108.o(i.GLCD_ClearScreen) refers to ks0108.o(i.GLCD_GoTo) for GLCD_GoTo
    ks0108.o(i.GLCD_ClearScreen) refers to ks0108-stm32.o(i.GLCD_WriteData) for GLCD_WriteData
    ks0108.o(i.GLCD_GoTo) refers to ks0108-stm32.o(i.GLCD_WriteCommand) for GLCD_WriteCommand
    ks0108.o(i.GLCD_GoTo) refers to ks0108.o(.data) for .data
    ks0108.o(i.GLCD_Initialize) refers to ks0108-stm32.o(i.GLCD_InitializePorts) for GLCD_InitializePorts
    ks0108.o(i.GLCD_Initialize) refers to ks0108-stm32.o(i.GLCD_WriteCommand) for GLCD_WriteCommand
    ks0108.o(i.GLCD_SetPixel) refers to ks0108.o(i.GLCD_GoTo) for GLCD_GoTo
    ks0108.o(i.GLCD_SetPixel) refers to ks0108-stm32.o(i.GLCD_ReadData) for GLCD_ReadData
    ks0108.o(i.GLCD_SetPixel) refers to ks0108-stm32.o(i.GLCD_WriteData) for GLCD_WriteData
    ks0108.o(i.GLCD_TextGoTo) refers to ks0108.o(i.GLCD_GoTo) for GLCD_GoTo
    ks0108.o(i.GLCD_WriteChar) refers to ks0108-stm32.o(i.GLCD_ReadByteFromROMMemory) for GLCD_ReadByteFromROMMemory
    ks0108.o(i.GLCD_WriteChar) refers to ks0108-stm32.o(i.GLCD_WriteData) for GLCD_WriteData
    ks0108.o(i.GLCD_WriteChar) refers to ks0108.o(.constdata) for .constdata
    ks0108.o(i.GLCD_WriteString) refers to ks0108-stm32.o(i.GLCD_ReadByteFromROMMemory) for GLCD_ReadByteFromROMMemory
    ks0108.o(i.GLCD_WriteString) refers to ks0108-stm32.o(i.GLCD_WriteData) for GLCD_WriteData
    ks0108.o(i.GLCD_WriteString) refers to ks0108.o(.constdata) for .constdata
    ks0108-stm32.o(i.GLCD_DisableController) refers to stm32f10x_gpio.o(i.GPIO_SetBits) for GPIO_SetBits
    ks0108-stm32.o(i.GLCD_EnableController) refers to stm32f10x_gpio.o(i.GPIO_ResetBits) for GPIO_ResetBits
    ks0108-stm32.o(i.GLCD_InitializePorts) refers to stm32f10x_rcc.o(i.RCC_APB2PeriphClockCmd) for RCC_APB2PeriphClockCmd
    ks0108-stm32.o(i.GLCD_InitializePorts) refers to stm32f10x_gpio.o(i.GPIO_PinRemapConfig) for GPIO_PinRemapConfig
    ks0108-stm32.o(i.GLCD_InitializePorts) refers to stm32f10x_gpio.o(i.GPIO_StructInit) for GPIO_StructInit
    ks0108-stm32.o(i.GLCD_InitializePorts) refers to stm32f10x_gpio.o(i.GPIO_Init) for GPIO_Init
    ks0108-stm32.o(i.GLCD_InitializePorts) refers to stm32f10x_gpio.o(i.GPIO_Write) for GPIO_Write
    ks0108-stm32.o(i.GLCD_InitializePorts) refers to ks0108-stm32.o(.data) for .data
    ks0108-stm32.o(i.GLCD_ReadData) refers to ks0108-stm32.o(i.GLCD_ReadStatus) for GLCD_ReadStatus
    ks0108-stm32.o(i.GLCD_ReadData) refers to stm32f10x_gpio.o(i.GPIO_StructInit) for GPIO_StructInit
    ks0108-stm32.o(i.GLCD_ReadData) refers to stm32f10x_gpio.o(i.GPIO_Init) for GPIO_Init
    ks0108-stm32.o(i.GLCD_ReadData) refers to stm32f10x_gpio.o(i.GPIO_SetBits) for GPIO_SetBits
    ks0108-stm32.o(i.GLCD_ReadData) refers to stm32f10x_gpio.o(i.GPIO_ResetBits) for GPIO_ResetBits
    ks0108-stm32.o(i.GLCD_ReadData) refers to stm32f10x_gpio.o(i.GPIO_ReadInputData) for GPIO_ReadInputData
    ks0108-stm32.o(i.GLCD_ReadData) refers to ks0108.o(.data) for screen_x
    ks0108-stm32.o(i.GLCD_ReadData) refers to ks0108-stm32.o(.data) for .data
    ks0108-stm32.o(i.GLCD_ReadStatus) refers to stm32f10x_gpio.o(i.GPIO_StructInit) for GPIO_StructInit
    ks0108-stm32.o(i.GLCD_ReadStatus) refers to stm32f10x_gpio.o(i.GPIO_Init) for GPIO_Init
    ks0108-stm32.o(i.GLCD_ReadStatus) refers to stm32f10x_gpio.o(i.GPIO_SetBits) for GPIO_SetBits
    ks0108-stm32.o(i.GLCD_ReadStatus) refers to stm32f10x_gpio.o(i.GPIO_ResetBits) for GPIO_ResetBits
    ks0108-stm32.o(i.GLCD_ReadStatus) refers to stm32f10x_gpio.o(i.GPIO_ReadInputData) for GPIO_ReadInputData
    ks0108-stm32.o(i.GLCD_ReadStatus) refers to ks0108-stm32.o(.data) for .data
    ks0108-stm32.o(i.GLCD_WriteCommand) refers to ks0108-stm32.o(i.GLCD_ReadStatus) for GLCD_ReadStatus
    ks0108-stm32.o(i.GLCD_WriteCommand) refers to stm32f10x_gpio.o(i.GPIO_StructInit) for GPIO_StructInit
    ks0108-stm32.o(i.GLCD_WriteCommand) refers to stm32f10x_gpio.o(i.GPIO_Init) for GPIO_Init
    ks0108-stm32.o(i.GLCD_WriteCommand) refers to stm32f10x_gpio.o(i.GPIO_ResetBits) for GPIO_ResetBits
    ks0108-stm32.o(i.GLCD_WriteCommand) refers to stm32f10x_gpio.o(i.GPIO_SetBits) for GPIO_SetBits
    ks0108-stm32.o(i.GLCD_WriteCommand) refers to ks0108-stm32.o(.data) for .data
    ks0108-stm32.o(i.GLCD_WriteData) refers to ks0108-stm32.o(i.GLCD_ReadStatus) for GLCD_ReadStatus
    ks0108-stm32.o(i.GLCD_WriteData) refers to stm32f10x_gpio.o(i.GPIO_StructInit) for GPIO_StructInit
    ks0108-stm32.o(i.GLCD_WriteData) refers to stm32f10x_gpio.o(i.GPIO_Init) for GPIO_Init
    ks0108-stm32.o(i.GLCD_WriteData) refers to stm32f10x_gpio.o(i.GPIO_ResetBits) for GPIO_ResetBits
    ks0108-stm32.o(i.GLCD_WriteData) refers to stm32f10x_gpio.o(i.GPIO_SetBits) for GPIO_SetBits
    ks0108-stm32.o(i.GLCD_WriteData) refers to ks0108.o(.data) for screen_x
    ks0108-stm32.o(i.GLCD_WriteData) refers to ks0108-stm32.o(.data) for .data
    system_stm32f10x.o(i.SystemCoreClockUpdate) refers to system_stm32f10x.o(.data) for .data
    startup_stm32f10x_md.o(RESET) refers to startup_stm32f10x_md.o(STACK) for __initial_sp
    startup_stm32f10x_md.o(RESET) refers to startup_stm32f10x_md.o(.text) for Reset_Handler
    startup_stm32f10x_md.o(RESET) refers to ames_delay.o(i.SysTick_Handler) for SysTick_Handler
    startup_stm32f10x_md.o(.text) refers to system_stm32f10x.o(i.SystemInit) for SystemInit
    startup_stm32f10x_md.o(.text) refers to entry.o(.ARM.Collect$$$$00000000) for __main
    stm32f10x_rcc.o(i.RCC_GetClocksFreq) refers to stm32f10x_rcc.o(.data) for .data
    stm32f10x_rcc.o(i.RCC_WaitForHSEStartUp) refers to stm32f10x_rcc.o(i.RCC_GetFlagStatus) for RCC_GetFlagStatus
    stm32f10x_gpio.o(i.GPIO_AFIODeInit) refers to stm32f10x_rcc.o(i.RCC_APB2PeriphResetCmd) for RCC_APB2PeriphResetCmd
    stm32f10x_gpio.o(i.GPIO_DeInit) refers to stm32f10x_rcc.o(i.RCC_APB2PeriphResetCmd) for RCC_APB2PeriphResetCmd
    entry.o(.ARM.Collect$$$$00000000) refers (Special) to entry10a.o(.ARM.Collect$$$$0000000D) for __rt_final_cpp
    entry.o(.ARM.Collect$$$$00000000) refers (Special) to entry11a.o(.ARM.Collect$$$$0000000F) for __rt_final_exit
    entry.o(.ARM.Collect$$$$00000000) refers (Special) to entry7b.o(.ARM.Collect$$$$00000008) for _main_clock
    entry.o(.ARM.Collect$$$$00000000) refers (Special) to entry8b.o(.ARM.Collect$$$$0000000A) for _main_cpp_init
    entry.o(.ARM.Collect$$$$00000000) refers (Special) to entry9a.o(.ARM.Collect$$$$0000000B) for _main_init
    entry.o(.ARM.Collect$$$$00000000) refers (Special) to entry5.o(.ARM.Collect$$$$00000004) for _main_scatterload
    entry.o(.ARM.Collect$$$$00000000) refers (Special) to entry2.o(.ARM.Collect$$$$00000001) for _main_stk
    entry2.o(.ARM.Collect$$$$00000001) refers to entry2.o(.ARM.Collect$$$$00002712) for __lit__00000000
    entry2.o(.ARM.Collect$$$$00002712) refers to startup_stm32f10x_md.o(STACK) for __initial_sp
    entry2.o(__vectab_stack_and_reset_area) refers to startup_stm32f10x_md.o(STACK) for __initial_sp
    entry2.o(__vectab_stack_and_reset_area) refers to entry.o(.ARM.Collect$$$$00000000) for __main
    entry5.o(.ARM.Collect$$$$00000004) refers to init.o(.text) for __scatterload
    entry9a.o(.ARM.Collect$$$$0000000B) refers to main.o(i.main) for main
    entry9b.o(.ARM.Collect$$$$0000000C) refers to main.o(i.main) for main
    init.o(.text) refers to entry5.o(.ARM.Collect$$$$00000004) for __main_after_scatterload


==============================================================================

Removing Unused input sections from the image.

    Removing graphic.o(i.GLCD_Circle), (216 bytes).
    Removing graphic.o(i.GLCD_Line), (162 bytes).
    Removing graphic.o(i.GLCD_Rectangle), (114 bytes).
    Removing graphic.o(.constdata), (1 bytes).
    Removing ks0108.o(i.GLCD_Bitmap), (80 bytes).
    Removing ks0108.o(i.GLCD_SetPixel), (74 bytes).
    Removing ks0108.o(i.GLCD_TextGoTo), (12 bytes).
    Removing ks0108.o(i.GLCD_WriteChar), (48 bytes).
    Removing ks0108.o(i.GLCD_WriteString), (72 bytes).
    Removing ks0108.o(.constdata), (480 bytes).
    Removing ks0108-stm32.o(i.GLCD_Delay), (10 bytes).
    Removing ks0108-stm32.o(i.GLCD_DisableController), (32 bytes).
    Removing ks0108-stm32.o(i.GLCD_EnableController), (32 bytes).
    Removing ks0108-stm32.o(i.GLCD_ReadByteFromROMMemory), (4 bytes).
    Removing ks0108-stm32.o(i.GLCD_ReadData), (192 bytes).
    Removing core_cm3.o(.emb_text), (32 bytes).
    Removing startup_stm32f10x_md.o(HEAP), (512 bytes).
    Removing misc.o(i.NVIC_Init), (120 bytes).
    Removing misc.o(i.NVIC_PriorityGroupConfig), (20 bytes).
    Removing misc.o(i.NVIC_SetVectorTable), (20 bytes).
    Removing misc.o(i.NVIC_SystemLPConfig), (24 bytes).
    Removing stm32f10x_rcc.o(i.RCC_ADCCLKConfig), (20 bytes).
    Removing stm32f10x_rcc.o(i.RCC_AHBPeriphClockCmd), (24 bytes).
    Removing stm32f10x_rcc.o(i.RCC_APB1PeriphClockCmd), (24 bytes).
    Removing stm32f10x_rcc.o(i.RCC_APB1PeriphResetCmd), (24 bytes).
    Removing stm32f10x_rcc.o(i.RCC_APB2PeriphResetCmd), (24 bytes).
    Removing stm32f10x_rcc.o(i.RCC_AdjustHSICalibrationValue), (20 bytes).
    Removing stm32f10x_rcc.o(i.RCC_BackupResetCmd), (12 bytes).
    Removing stm32f10x_rcc.o(i.RCC_ClearFlag), (16 bytes).
    Removing stm32f10x_rcc.o(i.RCC_ClearITPendingBit), (12 bytes).
    Removing stm32f10x_rcc.o(i.RCC_ClockSecuritySystemCmd), (12 bytes).
    Removing stm32f10x_rcc.o(i.RCC_GetClocksFreq), (168 bytes).
    Removing stm32f10x_rcc.o(i.RCC_GetITStatus), (20 bytes).
    Removing stm32f10x_rcc.o(i.RCC_HSICmd), (12 bytes).
    Removing stm32f10x_rcc.o(i.RCC_ITConfig), (24 bytes).
    Removing stm32f10x_rcc.o(i.RCC_LSEConfig), (36 bytes).
    Removing stm32f10x_rcc.o(i.RCC_LSICmd), (12 bytes).
    Removing stm32f10x_rcc.o(i.RCC_MCOConfig), (12 bytes).
    Removing stm32f10x_rcc.o(i.RCC_RTCCLKCmd), (12 bytes).
    Removing stm32f10x_rcc.o(i.RCC_RTCCLKConfig), (16 bytes).
    Removing stm32f10x_rcc.o(i.RCC_USBCLKConfig), (12 bytes).
    Removing stm32f10x_rcc.o(.data), (20 bytes).
    Removing stm32f10x_gpio.o(i.GPIO_AFIODeInit), (22 bytes).
    Removing stm32f10x_gpio.o(i.GPIO_DeInit), (192 bytes).
    Removing stm32f10x_gpio.o(i.GPIO_ETH_MediaInterfaceConfig), (12 bytes).
    Removing stm32f10x_gpio.o(i.GPIO_EXTILineConfig), (40 bytes).
    Removing stm32f10x_gpio.o(i.GPIO_EventOutputCmd), (12 bytes).
    Removing stm32f10x_gpio.o(i.GPIO_EventOutputConfig), (28 bytes).
    Removing stm32f10x_gpio.o(i.GPIO_PinLockConfig), (16 bytes).
    Removing stm32f10x_gpio.o(i.GPIO_ReadInputDataBit), (14 bytes).
    Removing stm32f10x_gpio.o(i.GPIO_ReadOutputData), (6 bytes).
    Removing stm32f10x_gpio.o(i.GPIO_ReadOutputDataBit), (14 bytes).
    Removing stm32f10x_gpio.o(i.GPIO_WriteBit), (10 bytes).

53 unused section(s) (total 3155 bytes) removed from the image.

==============================================================================

Image Symbol Table

    Local Symbols

    Symbol Name                              Value     Ov Type        Size  Object(Section)

    ../clib/microlib/init/entry.s            0x00000000   Number         0  entry10b.o ABSOLUTE
    ../clib/microlib/init/entry.s            0x00000000   Number         0  entry11b.o ABSOLUTE
    ../clib/microlib/init/entry.s            0x00000000   Number         0  entry11a.o ABSOLUTE
    ../clib/microlib/init/entry.s            0x00000000   Number         0  entry5.o ABSOLUTE
    ../clib/microlib/init/entry.s            0x00000000   Number         0  entry9b.o ABSOLUTE
    ../clib/microlib/init/entry.s            0x00000000   Number         0  entry10a.o ABSOLUTE
    ../clib/microlib/init/entry.s            0x00000000   Number         0  entry9a.o ABSOLUTE
    ../clib/microlib/init/entry.s            0x00000000   Number         0  entry7a.o ABSOLUTE
    ../clib/microlib/init/entry.s            0x00000000   Number         0  entry7b.o ABSOLUTE
    ../clib/microlib/init/entry.s            0x00000000   Number         0  entry8b.o ABSOLUTE
    ../clib/microlib/init/entry.s            0x00000000   Number         0  entry8a.o ABSOLUTE
    ../clib/microlib/init/entry.s            0x00000000   Number         0  entry2.o ABSOLUTE
    ../clib/microlib/init/entry.s            0x00000000   Number         0  entry.o ABSOLUTE
    Application\main.c                       0x00000000   Number         0  main.o ABSOLUTE
    Driver\AMES_Delay.c                      0x00000000   Number         0  ames_delay.o ABSOLUTE
    Driver\KS0108-STM32.c                    0x00000000   Number         0  ks0108-stm32.o ABSOLUTE
    Driver\KS0108.c                          0x00000000   Number         0  ks0108.o ABSOLUTE
    Driver\crystalconfig.c                   0x00000000   Number         0  crystalconfig.o ABSOLUTE
    Driver\glcd.c                            0x00000000   Number         0  glcd.o ABSOLUTE
    Driver\graphic.c                         0x00000000   Number         0  graphic.o ABSOLUTE
    Driver\relay.c                           0x00000000   Number         0  relay.o ABSOLUTE
    System\Libraries\CMSIS\CM3\CoreSupport\core_cm3.c 0x00000000   Number         0  core_cm3.o ABSOLUTE
    System\Libraries\CMSIS\CM3\DeviceSupport\ST\STM32F10x\startup\arm\startup_stm32f10x_md.s 0x00000000   Number         0  startup_stm32f10x_md.o ABSOLUTE
    System\Libraries\CMSIS\CM3\DeviceSupport\ST\STM32F10x\system_stm32f10x.c 0x00000000   Number         0  system_stm32f10x.o ABSOLUTE
    System\Libraries\STM32F10x_StdPeriph_Driver\src\misc.c 0x00000000   Number         0  misc.o ABSOLUTE
    System\Libraries\STM32F10x_StdPeriph_Driver\src\stm32f10x_gpio.c 0x00000000   Number         0  stm32f10x_gpio.o ABSOLUTE
    System\Libraries\STM32F10x_StdPeriph_Driver\src\stm32f10x_rcc.c 0x00000000   Number         0  stm32f10x_rcc.o ABSOLUTE
    System\\Libraries\\CMSIS\\CM3\\CoreSupport\\core_cm3.c 0x00000000   Number         0  core_cm3.o ABSOLUTE
    dc.s                                     0x00000000   Number         0  dc.o ABSOLUTE
    handlers.s                               0x00000000   Number         0  handlers.o ABSOLUTE
    init.s                                   0x00000000   Number         0  init.o ABSOLUTE
    RESET                                    0x08000000   Section      236  startup_stm32f10x_md.o(RESET)
    .ARM.Collect$$$$00000000                 0x080000ec   Section        0  entry.o(.ARM.Collect$$$$00000000)
    .ARM.Collect$$$$00000001                 0x080000ec   Section        4  entry2.o(.ARM.Collect$$$$00000001)
    .ARM.Collect$$$$00000004                 0x080000f0   Section        4  entry5.o(.ARM.Collect$$$$00000004)
    .ARM.Collect$$$$00000008                 0x080000f4   Section        0  entry7b.o(.ARM.Collect$$$$00000008)
    .ARM.Collect$$$$0000000A                 0x080000f4   Section        0  entry8b.o(.ARM.Collect$$$$0000000A)
    .ARM.Collect$$$$0000000B                 0x080000f4   Section        8  entry9a.o(.ARM.Collect$$$$0000000B)
    .ARM.Collect$$$$0000000D                 0x080000fc   Section        0  entry10a.o(.ARM.Collect$$$$0000000D)
    .ARM.Collect$$$$0000000F                 0x080000fc   Section        0  entry11a.o(.ARM.Collect$$$$0000000F)
    .ARM.Collect$$$$00002712                 0x080000fc   Section        4  entry2.o(.ARM.Collect$$$$00002712)
    __lit__00000000                          0x080000fc   Data           4  entry2.o(.ARM.Collect$$$$00002712)
    .text                                    0x08000100   Section       36  startup_stm32f10x_md.o(.text)
    .text                                    0x08000124   Section       36  init.o(.text)
    i.Delay_ms                               0x08000148   Section        0  ames_delay.o(i.Delay_ms)
    i.GLCD_ClearScreen                       0x08000158   Section        0  ks0108.o(i.GLCD_ClearScreen)
    i.GLCD_GoTo                              0x08000180   Section        0  ks0108.o(i.GLCD_GoTo)
    i.GLCD_Initialize                        0x080001d4   Section        0  ks0108.o(i.GLCD_Initialize)
    i.GLCD_InitializePorts                   0x080001f0   Section        0  ks0108-stm32.o(i.GLCD_InitializePorts)
    i.GLCD_ReadStatus                        0x08000260   Section        0  ks0108-stm32.o(i.GLCD_ReadStatus)
    i.GLCD_WriteCommand                      0x0800030c   Section        0  ks0108-stm32.o(i.GLCD_WriteCommand)
    i.GLCD_WriteData                         0x080003e0   Section        0  ks0108-stm32.o(i.GLCD_WriteData)
    i.GPIO_Init                              0x080004d4   Section        0  stm32f10x_gpio.o(i.GPIO_Init)
    i.GPIO_PinRemapConfig                    0x08000594   Section        0  stm32f10x_gpio.o(i.GPIO_PinRemapConfig)
    i.GPIO_ReadInputData                     0x08000608   Section        0  stm32f10x_gpio.o(i.GPIO_ReadInputData)
    i.GPIO_ResetBits                         0x0800060e   Section        0  stm32f10x_gpio.o(i.GPIO_ResetBits)
    i.GPIO_SetBits                           0x08000612   Section        0  stm32f10x_gpio.o(i.GPIO_SetBits)
    i.GPIO_StructInit                        0x08000616   Section        0  stm32f10x_gpio.o(i.GPIO_StructInit)
    i.GPIO_Write                             0x08000626   Section        0  stm32f10x_gpio.o(i.GPIO_Write)
    i.RCC_APB2PeriphClockCmd                 0x0800062c   Section        0  stm32f10x_rcc.o(i.RCC_APB2PeriphClockCmd)
    i.RCC_DeInit                             0x08000644   Section        0  stm32f10x_rcc.o(i.RCC_DeInit)
    i.RCC_GetFlagStatus                      0x08000684   Section        0  stm32f10x_rcc.o(i.RCC_GetFlagStatus)
    i.RCC_GetSYSCLKSource                    0x080006b4   Section        0  stm32f10x_rcc.o(i.RCC_GetSYSCLKSource)
    i.RCC_HCLKConfig                         0x080006c4   Section        0  stm32f10x_rcc.o(i.RCC_HCLKConfig)
    i.RCC_HSEConfig                          0x080006d8   Section        0  stm32f10x_rcc.o(i.RCC_HSEConfig)
    i.RCC_PCLK1Config                        0x08000710   Section        0  stm32f10x_rcc.o(i.RCC_PCLK1Config)
    i.RCC_PCLK2Config                        0x08000724   Section        0  stm32f10x_rcc.o(i.RCC_PCLK2Config)
    i.RCC_PLLCmd                             0x08000738   Section        0  stm32f10x_rcc.o(i.RCC_PLLCmd)
    i.RCC_PLLConfig                          0x08000744   Section        0  stm32f10x_rcc.o(i.RCC_PLLConfig)
    i.RCC_SYSCLKConfig                       0x08000758   Section        0  stm32f10x_rcc.o(i.RCC_SYSCLKConfig)
    i.RCC_WaitForHSEStartUp                  0x0800076c   Section        0  stm32f10x_rcc.o(i.RCC_WaitForHSEStartUp)
    i.SysTick_CLKSourceConfig                0x080007a4   Section        0  misc.o(i.SysTick_CLKSourceConfig)
    i.SysTick_Handler                        0x080007bc   Section        0  ames_delay.o(i.SysTick_Handler)
    i.SystemCoreClockUpdate                  0x080007d4   Section        0  system_stm32f10x.o(i.SystemCoreClockUpdate)
    i.SystemInit                             0x08000844   Section        0  system_stm32f10x.o(i.SystemInit)
    i.__scatterload_copy                     0x08000934   Section       14  handlers.o(i.__scatterload_copy)
    i.__scatterload_null                     0x08000942   Section        2  handlers.o(i.__scatterload_null)
    i.__scatterload_zeroinit                 0x08000944   Section       14  handlers.o(i.__scatterload_zeroinit)
    i.crystal_Init                           0x08000954   Section        0  crystalconfig.o(i.crystal_Init)
    i.glcd_backlinght                        0x080009f4   Section        0  glcd.o(i.glcd_backlinght)
    i.glcd_init                              0x08000a0c   Section        0  glcd.o(i.glcd_init)
    i.main                                   0x08000a1a   Section        0  main.o(i.main)
    i.relay_init                             0x08000a60   Section        0  relay.o(i.relay_init)
    i.relay_onoff                            0x08000aa4   Section        0  relay.o(i.relay_onoff)
    .data                                    0x20000000   Section        4  ames_delay.o(.data)
    sysTickCounter                           0x20000000   Data           4  ames_delay.o(.data)
    .data                                    0x20000004   Section        2  ks0108.o(.data)
    .data                                    0x20000006   Section        4  ks0108-stm32.o(.data)
    .data                                    0x2000000c   Section       20  system_stm32f10x.o(.data)
    STACK                                    0x20000020   Section     1024  startup_stm32f10x_md.o(STACK)

    Global Symbols

    Symbol Name                              Value     Ov Type        Size  Object(Section)

    BuildAttributes$$THM_ISAv4$P$D$K$B$S$PE$A:L22UL41UL21$X:L11$S22US41US21$IEEE1$IW$USESV6$~STKCKD$USESV7$~SHL$OTIME$EBA8$MICROLIB$REQ8$PRES8$EABIv2 0x00000000   Number         0  anon$$obj.o ABSOLUTE
    __ARM_use_no_argv                        0x00000000   Number         0  main.o ABSOLUTE
    __cpp_initialize__aeabi_                  - Undefined Weak Reference
    __cxa_finalize                            - Undefined Weak Reference
    __decompress                              - Undefined Weak Reference
    _clock_init                               - Undefined Weak Reference
    _microlib_exit                            - Undefined Weak Reference
    __Vectors_Size                           0x000000ec   Number         0  startup_stm32f10x_md.o ABSOLUTE
    __Vectors                                0x08000000   Data           4  startup_stm32f10x_md.o(RESET)
    __Vectors_End                            0x080000ec   Data           0  startup_stm32f10x_md.o(RESET)
    __main                                   0x080000ed   Thumb Code     0  entry.o(.ARM.Collect$$$$00000000)
    _main_stk                                0x080000ed   Thumb Code     0  entry2.o(.ARM.Collect$$$$00000001)
    _main_scatterload                        0x080000f1   Thumb Code     0  entry5.o(.ARM.Collect$$$$00000004)
    __main_after_scatterload                 0x080000f5   Thumb Code     0  entry5.o(.ARM.Collect$$$$00000004)
    _main_clock                              0x080000f5   Thumb Code     0  entry7b.o(.ARM.Collect$$$$00000008)
    _main_cpp_init                           0x080000f5   Thumb Code     0  entry8b.o(.ARM.Collect$$$$0000000A)
    _main_init                               0x080000f5   Thumb Code     0  entry9a.o(.ARM.Collect$$$$0000000B)
    __rt_final_cpp                           0x080000fd   Thumb Code     0  entry10a.o(.ARM.Collect$$$$0000000D)
    __rt_final_exit                          0x080000fd   Thumb Code     0  entry11a.o(.ARM.Collect$$$$0000000F)
    Reset_Handler                            0x08000101   Thumb Code     8  startup_stm32f10x_md.o(.text)
    NMI_Handler                              0x08000109   Thumb Code     2  startup_stm32f10x_md.o(.text)
    HardFault_Handler                        0x0800010b   Thumb Code     2  startup_stm32f10x_md.o(.text)
    MemManage_Handler                        0x0800010d   Thumb Code     2  startup_stm32f10x_md.o(.text)
    BusFault_Handler                         0x0800010f   Thumb Code     2  startup_stm32f10x_md.o(.text)
    UsageFault_Handler                       0x08000111   Thumb Code     2  startup_stm32f10x_md.o(.text)
    SVC_Handler                              0x08000113   Thumb Code     2  startup_stm32f10x_md.o(.text)
    DebugMon_Handler                         0x08000115   Thumb Code     2  startup_stm32f10x_md.o(.text)
    PendSV_Handler                           0x08000117   Thumb Code     2  startup_stm32f10x_md.o(.text)
    ADC1_2_IRQHandler                        0x0800011b   Thumb Code     0  startup_stm32f10x_md.o(.text)
    CAN1_RX1_IRQHandler                      0x0800011b   Thumb Code     0  startup_stm32f10x_md.o(.text)
    CAN1_SCE_IRQHandler                      0x0800011b   Thumb Code     0  startup_stm32f10x_md.o(.text)
    DMA1_Channel1_IRQHandler                 0x0800011b   Thumb Code     0  startup_stm32f10x_md.o(.text)
    DMA1_Channel2_IRQHandler                 0x0800011b   Thumb Code     0  startup_stm32f10x_md.o(.text)
    DMA1_Channel3_IRQHandler                 0x0800011b   Thumb Code     0  startup_stm32f10x_md.o(.text)
    DMA1_Channel4_IRQHandler                 0x0800011b   Thumb Code     0  startup_stm32f10x_md.o(.text)
    DMA1_Channel5_IRQHandler                 0x0800011b   Thumb Code     0  startup_stm32f10x_md.o(.text)
    DMA1_Channel6_IRQHandler                 0x0800011b   Thumb Code     0  startup_stm32f10x_md.o(.text)
    DMA1_Channel7_IRQHandler                 0x0800011b   Thumb Code     0  startup_stm32f10x_md.o(.text)
    EXTI0_IRQHandler                         0x0800011b   Thumb Code     0  startup_stm32f10x_md.o(.text)
    EXTI15_10_IRQHandler                     0x0800011b   Thumb Code     0  startup_stm32f10x_md.o(.text)
    EXTI1_IRQHandler                         0x0800011b   Thumb Code     0  startup_stm32f10x_md.o(.text)
    EXTI2_IRQHandler                         0x0800011b   Thumb Code     0  startup_stm32f10x_md.o(.text)
    EXTI3_IRQHandler                         0x0800011b   Thumb Code     0  startup_stm32f10x_md.o(.text)
    EXTI4_IRQHandler                         0x0800011b   Thumb Code     0  startup_stm32f10x_md.o(.text)
    EXTI9_5_IRQHandler                       0x0800011b   Thumb Code     0  startup_stm32f10x_md.o(.text)
    FLASH_IRQHandler                         0x0800011b   Thumb Code     0  startup_stm32f10x_md.o(.text)
    I2C1_ER_IRQHandler                       0x0800011b   Thumb Code     0  startup_stm32f10x_md.o(.text)
    I2C1_EV_IRQHandler                       0x0800011b   Thumb Code     0  startup_stm32f10x_md.o(.text)
    I2C2_ER_IRQHandler                       0x0800011b   Thumb Code     0  startup_stm32f10x_md.o(.text)
    I2C2_EV_IRQHandler                       0x0800011b   Thumb Code     0  startup_stm32f10x_md.o(.text)
    PVD_IRQHandler                           0x0800011b   Thumb Code     0  startup_stm32f10x_md.o(.text)
    RCC_IRQHandler                           0x0800011b   Thumb Code     0  startup_stm32f10x_md.o(.text)
    RTCAlarm_IRQHandler                      0x0800011b   Thumb Code     0  startup_stm32f10x_md.o(.text)
    RTC_IRQHandler                           0x0800011b   Thumb Code     0  startup_stm32f10x_md.o(.text)
    SPI1_IRQHandler                          0x0800011b   Thumb Code     0  startup_stm32f10x_md.o(.text)
    SPI2_IRQHandler                          0x0800011b   Thumb Code     0  startup_stm32f10x_md.o(.text)
    TAMPER_IRQHandler                        0x0800011b   Thumb Code     0  startup_stm32f10x_md.o(.text)
    TIM1_BRK_IRQHandler                      0x0800011b   Thumb Code     0  startup_stm32f10x_md.o(.text)
    TIM1_CC_IRQHandler                       0x0800011b   Thumb Code     0  startup_stm32f10x_md.o(.text)
    TIM1_TRG_COM_IRQHandler                  0x0800011b   Thumb Code     0  startup_stm32f10x_md.o(.text)
    TIM1_UP_IRQHandler                       0x0800011b   Thumb Code     0  startup_stm32f10x_md.o(.text)
    TIM2_IRQHandler                          0x0800011b   Thumb Code     0  startup_stm32f10x_md.o(.text)
    TIM3_IRQHandler                          0x0800011b   Thumb Code     0  startup_stm32f10x_md.o(.text)
    TIM4_IRQHandler                          0x0800011b   Thumb Code     0  startup_stm32f10x_md.o(.text)
    USART1_IRQHandler                        0x0800011b   Thumb Code     0  startup_stm32f10x_md.o(.text)
    USART2_IRQHandler                        0x0800011b   Thumb Code     0  startup_stm32f10x_md.o(.text)
    USART3_IRQHandler                        0x0800011b   Thumb Code     0  startup_stm32f10x_md.o(.text)
    USBWakeUp_IRQHandler                     0x0800011b   Thumb Code     0  startup_stm32f10x_md.o(.text)
    USB_HP_CAN1_TX_IRQHandler                0x0800011b   Thumb Code     0  startup_stm32f10x_md.o(.text)
    USB_LP_CAN1_RX0_IRQHandler               0x0800011b   Thumb Code     0  startup_stm32f10x_md.o(.text)
    WWDG_IRQHandler                          0x0800011b   Thumb Code     0  startup_stm32f10x_md.o(.text)
    __scatterload                            0x08000125   Thumb Code    28  init.o(.text)
    __scatterload_rt2                        0x08000125   Thumb Code     0  init.o(.text)
    Delay_ms                                 0x08000149   Thumb Code    12  ames_delay.o(i.Delay_ms)
    GLCD_ClearScreen                         0x08000159   Thumb Code    38  ks0108.o(i.GLCD_ClearScreen)
    GLCD_GoTo                                0x08000181   Thumb Code    78  ks0108.o(i.GLCD_GoTo)
    GLCD_Initialize                          0x080001d5   Thumb Code    26  ks0108.o(i.GLCD_Initialize)
    GLCD_InitializePorts                     0x080001f1   Thumb Code    96  ks0108-stm32.o(i.GLCD_InitializePorts)
    GLCD_ReadStatus                          0x08000261   Thumb Code   162  ks0108-stm32.o(i.GLCD_ReadStatus)
    GLCD_WriteCommand                        0x0800030d   Thumb Code   202  ks0108-stm32.o(i.GLCD_WriteCommand)
    GLCD_WriteData                           0x080003e1   Thumb Code   232  ks0108-stm32.o(i.GLCD_WriteData)
    GPIO_Init                                0x080004d5   Thumb Code   192  stm32f10x_gpio.o(i.GPIO_Init)
    GPIO_PinRemapConfig                      0x08000595   Thumb Code   112  stm32f10x_gpio.o(i.GPIO_PinRemapConfig)
    GPIO_ReadInputData                       0x08000609   Thumb Code     6  stm32f10x_gpio.o(i.GPIO_ReadInputData)
    GPIO_ResetBits                           0x0800060f   Thumb Code     4  stm32f10x_gpio.o(i.GPIO_ResetBits)
    GPIO_SetBits                             0x08000613   Thumb Code     4  stm32f10x_gpio.o(i.GPIO_SetBits)
    GPIO_StructInit                          0x08000617   Thumb Code    16  stm32f10x_gpio.o(i.GPIO_StructInit)
    GPIO_Write                               0x08000627   Thumb Code     4  stm32f10x_gpio.o(i.GPIO_Write)
    RCC_APB2PeriphClockCmd                   0x0800062d   Thumb Code    18  stm32f10x_rcc.o(i.RCC_APB2PeriphClockCmd)
    RCC_DeInit                               0x08000645   Thumb Code    54  stm32f10x_rcc.o(i.RCC_DeInit)
    RCC_GetFlagStatus                        0x08000685   Thumb Code    42  stm32f10x_rcc.o(i.RCC_GetFlagStatus)
    RCC_GetSYSCLKSource                      0x080006b5   Thumb Code    10  stm32f10x_rcc.o(i.RCC_GetSYSCLKSource)
    RCC_HCLKConfig                           0x080006c5   Thumb Code    14  stm32f10x_rcc.o(i.RCC_HCLKConfig)
    RCC_HSEConfig                            0x080006d9   Thumb Code    50  stm32f10x_rcc.o(i.RCC_HSEConfig)
    RCC_PCLK1Config                          0x08000711   Thumb Code    14  stm32f10x_rcc.o(i.RCC_PCLK1Config)
    RCC_PCLK2Config                          0x08000725   Thumb Code    16  stm32f10x_rcc.o(i.RCC_PCLK2Config)
    RCC_PLLCmd                               0x08000739   Thumb Code     6  stm32f10x_rcc.o(i.RCC_PLLCmd)
    RCC_PLLConfig                            0x08000745   Thumb Code    16  stm32f10x_rcc.o(i.RCC_PLLConfig)
    RCC_SYSCLKConfig                         0x08000759   Thumb Code    14  stm32f10x_rcc.o(i.RCC_SYSCLKConfig)
    RCC_WaitForHSEStartUp                    0x0800076d   Thumb Code    50  stm32f10x_rcc.o(i.RCC_WaitForHSEStartUp)
    SysTick_CLKSourceConfig                  0x080007a5   Thumb Code    22  misc.o(i.SysTick_CLKSourceConfig)
    SysTick_Handler                          0x080007bd   Thumb Code    18  ames_delay.o(i.SysTick_Handler)
    SystemCoreClockUpdate                    0x080007d5   Thumb Code    90  system_stm32f10x.o(i.SystemCoreClockUpdate)
    SystemInit                               0x08000845   Thumb Code   222  system_stm32f10x.o(i.SystemInit)
    __scatterload_copy                       0x08000935   Thumb Code    14  handlers.o(i.__scatterload_copy)
    __scatterload_null                       0x08000943   Thumb Code     2  handlers.o(i.__scatterload_null)
    __scatterload_zeroinit                   0x08000945   Thumb Code    14  handlers.o(i.__scatterload_zeroinit)
    crystal_Init                             0x08000955   Thumb Code   152  crystalconfig.o(i.crystal_Init)
    glcd_backlinght                          0x080009f5   Thumb Code    18  glcd.o(i.glcd_backlinght)
    glcd_init                                0x08000a0d   Thumb Code    14  glcd.o(i.glcd_init)
    main                                     0x08000a1b   Thumb Code    68  main.o(i.main)
    relay_init                               0x08000a61   Thumb Code    60  relay.o(i.relay_init)
    relay_onoff                              0x08000aa5   Thumb Code    86  relay.o(i.relay_onoff)
    Region$$Table$$Base                      0x08000b00   Number         0  anon$$obj.o(Region$$Table)
    Region$$Table$$Limit                     0x08000b20   Number         0  anon$$obj.o(Region$$Table)
    screen_x                                 0x20000004   Data           1  ks0108.o(.data)
    screen_y                                 0x20000005   Data           1  ks0108.o(.data)
    GPIO_InitStructure                       0x20000006   Data           4  ks0108-stm32.o(.data)
    SystemCoreClock                          0x2000000c   Data           4  system_stm32f10x.o(.data)
    AHBPrescTable                            0x20000010   Data          16  system_stm32f10x.o(.data)
    __initial_sp                             0x20000420   Data           0  startup_stm32f10x_md.o(STACK)



==============================================================================

Memory Map of the image

  Image Entry point : 0x080000ed

  Load Region LR_IROM1 (Base: 0x08000000, Size: 0x00000b40, Max: 0x00010000, ABSOLUTE)

    Execution Region ER_IROM1 (Base: 0x08000000, Size: 0x00000b20, Max: 0x00010000, ABSOLUTE)

    Base Addr    Size         Type   Attr      Idx    E Section Name        Object

    0x08000000   0x000000ec   Data   RO          392    RESET               startup_stm32f10x_md.o
    0x080000ec   0x00000000   Code   RO          747  * .ARM.Collect$$$$00000000  mc_w.l(entry.o)
    0x080000ec   0x00000004   Code   RO          750    .ARM.Collect$$$$00000001  mc_w.l(entry2.o)
    0x080000f0   0x00000004   Code   RO          753    .ARM.Collect$$$$00000004  mc_w.l(entry5.o)
    0x080000f4   0x00000000   Code   RO          755    .ARM.Collect$$$$00000008  mc_w.l(entry7b.o)
    0x080000f4   0x00000000   Code   RO          757    .ARM.Collect$$$$0000000A  mc_w.l(entry8b.o)
    0x080000f4   0x00000008   Code   RO          758    .ARM.Collect$$$$0000000B  mc_w.l(entry9a.o)
    0x080000fc   0x00000000   Code   RO          760    .ARM.Collect$$$$0000000D  mc_w.l(entry10a.o)
    0x080000fc   0x00000000   Code   RO          762    .ARM.Collect$$$$0000000F  mc_w.l(entry11a.o)
    0x080000fc   0x00000004   Code   RO          751    .ARM.Collect$$$$00002712  mc_w.l(entry2.o)
    0x08000100   0x00000024   Code   RO          393    .text               startup_stm32f10x_md.o
    0x08000124   0x00000024   Code   RO          764    .text               mc_w.l(init.o)
    0x08000148   0x00000010   Code   RO          150    i.Delay_ms          ames_delay.o
    0x08000158   0x00000026   Code   RO          214    i.GLCD_ClearScreen  ks0108.o
    0x0800017e   0x00000002   PAD
    0x08000180   0x00000054   Code   RO          215    i.GLCD_GoTo         ks0108.o
    0x080001d4   0x0000001a   Code   RO          216    i.GLCD_Initialize   ks0108.o
    0x080001ee   0x00000002   PAD
    0x080001f0   0x00000070   Code   RO          278    i.GLCD_InitializePorts  ks0108-stm32.o
    0x08000260   0x000000ac   Code   RO          281    i.GLCD_ReadStatus   ks0108-stm32.o
    0x0800030c   0x000000d4   Code   RO          282    i.GLCD_WriteCommand  ks0108-stm32.o
    0x080003e0   0x000000f4   Code   RO          283    i.GLCD_WriteData    ks0108-stm32.o
    0x080004d4   0x000000c0   Code   RO          639    i.GPIO_Init         stm32f10x_gpio.o
    0x08000594   0x00000074   Code   RO          641    i.GPIO_PinRemapConfig  stm32f10x_gpio.o
    0x08000608   0x00000006   Code   RO          642    i.GPIO_ReadInputData  stm32f10x_gpio.o
    0x0800060e   0x00000004   Code   RO          646    i.GPIO_ResetBits    stm32f10x_gpio.o
    0x08000612   0x00000004   Code   RO          647    i.GPIO_SetBits      stm32f10x_gpio.o
    0x08000616   0x00000010   Code   RO          648    i.GPIO_StructInit   stm32f10x_gpio.o
    0x08000626   0x00000004   Code   RO          649    i.GPIO_Write        stm32f10x_gpio.o
    0x0800062a   0x00000002   PAD
    0x0800062c   0x00000018   Code   RO          437    i.RCC_APB2PeriphClockCmd  stm32f10x_rcc.o
    0x08000644   0x00000040   Code   RO          444    i.RCC_DeInit        stm32f10x_rcc.o
    0x08000684   0x00000030   Code   RO          446    i.RCC_GetFlagStatus  stm32f10x_rcc.o
    0x080006b4   0x00000010   Code   RO          448    i.RCC_GetSYSCLKSource  stm32f10x_rcc.o
    0x080006c4   0x00000014   Code   RO          449    i.RCC_HCLKConfig    stm32f10x_rcc.o
    0x080006d8   0x00000038   Code   RO          450    i.RCC_HSEConfig     stm32f10x_rcc.o
    0x08000710   0x00000014   Code   RO          456    i.RCC_PCLK1Config   stm32f10x_rcc.o
    0x08000724   0x00000014   Code   RO          457    i.RCC_PCLK2Config   stm32f10x_rcc.o
    0x08000738   0x0000000c   Code   RO          458    i.RCC_PLLCmd        stm32f10x_rcc.o
    0x08000744   0x00000014   Code   RO          459    i.RCC_PLLConfig     stm32f10x_rcc.o
    0x08000758   0x00000014   Code   RO          462    i.RCC_SYSCLKConfig  stm32f10x_rcc.o
    0x0800076c   0x00000038   Code   RO          464    i.RCC_WaitForHSEStartUp  stm32f10x_rcc.o
    0x080007a4   0x00000016   Code   RO          401    i.SysTick_CLKSourceConfig  misc.o
    0x080007ba   0x00000002   PAD
    0x080007bc   0x00000018   Code   RO          151    i.SysTick_Handler   ames_delay.o
    0x080007d4   0x00000070   Code   RO          347    i.SystemCoreClockUpdate  system_stm32f10x.o
    0x08000844   0x000000f0   Code   RO          348    i.SystemInit        system_stm32f10x.o
    0x08000934   0x0000000e   Code   RO          768    i.__scatterload_copy  mc_w.l(handlers.o)
    0x08000942   0x00000002   Code   RO          769    i.__scatterload_null  mc_w.l(handlers.o)
    0x08000944   0x0000000e   Code   RO          770    i.__scatterload_zeroinit  mc_w.l(handlers.o)
    0x08000952   0x00000002   PAD
    0x08000954   0x000000a0   Code   RO          116    i.crystal_Init      crystalconfig.o
    0x080009f4   0x00000018   Code   RO          170    i.glcd_backlinght   glcd.o
    0x08000a0c   0x0000000e   Code   RO          171    i.glcd_init         glcd.o
    0x08000a1a   0x00000044   Code   RO            1    i.main              main.o
    0x08000a5e   0x00000002   PAD
    0x08000a60   0x00000044   Code   RO          132    i.relay_init        relay.o
    0x08000aa4   0x0000005c   Code   RO          133    i.relay_onoff       relay.o
    0x08000b00   0x00000020   Data   RO          766    Region$$Table       anon$$obj.o


    Execution Region RW_IRAM1 (Base: 0x20000000, Size: 0x00000420, Max: 0x00005000, ABSOLUTE)

    Base Addr    Size         Type   Attr      Idx    E Section Name        Object

    0x20000000   0x00000004   Data   RW          152    .data               ames_delay.o
    0x20000004   0x00000002   Data   RW          222    .data               ks0108.o
    0x20000006   0x00000004   Data   RW          284    .data               ks0108-stm32.o
    0x2000000a   0x00000002   PAD
    0x2000000c   0x00000014   Data   RW          349    .data               system_stm32f10x.o
    0x20000020   0x00000400   Zero   RW          390    STACK               startup_stm32f10x_md.o


==============================================================================

Image component sizes


      Code (inc. data)   RO Data    RW Data    ZI Data      Debug   Object Name

        40         10          0          4          0       1305   ames_delay.o
         0          0          0          0          0         32   core_cm3.o
       160          8          0          0          0      15798   crystalconfig.o
        38          6          0          0          0        870   glcd.o
       740         48          0          4          0       4023   ks0108-stm32.o
       148          6          0          2          0       1993   ks0108.o
        68          0          0          0          0     224091   main.o
        22          0          0          0          0        538   misc.o
       160         14          0          0          0       1043   relay.o
        36          8        236          0       1024        888   startup_stm32f10x_md.o
       342          4          0          0          0       5650   stm32f10x_gpio.o
       376         72          0          0          0       9337   stm32f10x_rcc.o
       352         40          0         20          0       2365   system_stm32f10x.o

    ----------------------------------------------------------------------
      2492        216        268         32       1024     267933   Object Totals
         0          0         32          0          0          0   (incl. Generated)
        10          0          0          2          0          0   (incl. Padding)

    ----------------------------------------------------------------------

      Code (inc. data)   RO Data    RW Data    ZI Data      Debug   Library Member Name

         0          0          0          0          0          0   entry.o
         0          0          0          0          0          0   entry10a.o
         0          0          0          0          0          0   entry11a.o
         8          4          0          0          0          0   entry2.o
         4          0          0          0          0          0   entry5.o
         0          0          0          0          0          0   entry7b.o
         0          0          0          0          0          0   entry8b.o
         8          4          0          0          0          0   entry9a.o
        30          0          0          0          0          0   handlers.o
        36          8          0          0          0         68   init.o

    ----------------------------------------------------------------------
        88         16          0          0          0         68   Library Totals
         2          0          0          0          0          0   (incl. Padding)

    ----------------------------------------------------------------------

      Code (inc. data)   RO Data    RW Data    ZI Data      Debug   Library Name

        86         16          0          0          0         68   mc_w.l

    ----------------------------------------------------------------------
        88         16          0          0          0         68   Library Totals

    ----------------------------------------------------------------------

==============================================================================


      Code (inc. data)   RO Data    RW Data    ZI Data      Debug   

      2580        232        268         32       1024     266489   Grand Totals
      2580        232        268         32       1024     266489   ELF Image Totals
      2580        232        268         32          0          0   ROM Totals

==============================================================================

    Total RO  Size (Code + RO Data)                 2848 (   2.78kB)
    Total RW  Size (RW Data + ZI Data)              1056 (   1.03kB)
    Total ROM Size (Code + RO Data + RW Data)       2880 (   2.81kB)

==============================================================================

