Component: ARM Compiler 5.06 (build 20) Tool: armlink [4d35a3]

==============================================================================

Section Cross References

    main.o(.text) refers to xtask.o(.text) for systemInit
    xtask.o(.text) refers to crystalconfig.o(.text) for crystal_Init
    xtask.o(.text) refers to relay.o(.text) for relay_init
    xtask.o(.text) refers to bluetooth.o(.text) for Bluetooth_Init
    xtask.o(.text) refers to buzzer.o(.text) for Buzzer_Init
    xtask.o(.text) refers to button.o(.text) for Button_Init
    xtask.o(.text) refers to ds1307.o(.text) for __I2C_Init
    xtask.o(.text) refers to queue.o(.text) for xQueueGenericCreate
    xtask.o(.text) refers to tasks.o(.text) for vTaskDelay
    xtask.o(.text) refers to memcpya.o(.text) for __aeabi_memcpy4
    xtask.o(.text) refers to printf8.o(i.__0printf$8) for __2printf
    xtask.o(.text) refers to stm32f10x_usart.o(.text) for USART_GetITStatus
    xtask.o(.text) refers to xtask.o(.data) for .data
    xtask.o(.text) refers to xtask.o(.constdata) for .constdata
    queue.o(.text) refers to port.o(.text) for vPortEnterCritical
    queue.o(.text) refers to list.o(.text) for vListInitialise
    queue.o(.text) refers to tasks.o(.text) for xTaskRemoveFromEventList
    queue.o(.text) refers to heap_2.o(.text) for pvPortMalloc
    queue.o(.text) refers to memcpya.o(.text) for __aeabi_memcpy
    queue.o(.text) refers to port.o(.emb_text) for ulPortSetInterruptMask
    tasks.o(.text) refers to heap_2.o(.text) for pvPortMalloc
    tasks.o(.text) refers to list.o(.text) for vListInitialiseItem
    tasks.o(.text) refers to port.o(.text) for pxPortInitialiseStack
    tasks.o(.text) refers to tasks.o(.data) for .data
    tasks.o(.text) refers to tasks.o(.bss) for .bss
    tasks.o(.text) refers to port.o(.emb_text) for ulPortSetInterruptMask
    tasks.o(.text) refers to timers.o(.text) for xTimerCreateTimerTask
    timers.o(.text) refers to tasks.o(.text) for xTaskGetSchedulerState
    timers.o(.text) refers to queue.o(.text) for xQueueGenericSend
    timers.o(.text) refers to list.o(.text) for uxListRemove
    timers.o(.text) refers to port.o(.text) for vPortYield
    timers.o(.text) refers to heap_2.o(.text) for vPortFree
    timers.o(.text) refers to timers.o(.data) for .data
    timers.o(.text) refers to timers.o(.bss) for .bss
    port.o(.emb_text) refers to tasks.o(.text) for vTaskSwitchContext
    port.o(.emb_text) refers to tasks.o(.data) for pxCurrentTCB
    port.o(.text) refers to port.o(.emb_text) for ulPortSetInterruptMask
    port.o(.text) refers to tasks.o(.text) for xTaskIncrementTick
    port.o(.text) refers to port.o(.data) for .data
    heap_2.o(.text) refers to tasks.o(.text) for vTaskSuspendAll
    heap_2.o(.text) refers to heap_2.o(.data) for .data
    heap_2.o(.text) refers to heap_2.o(.bss) for .bss
    crystalconfig.o(.text) refers to stm32f10x_rcc.o(.text) for RCC_DeInit
    crystalconfig.o(.text) refers to misc.o(.text) for SysTick_CLKSourceConfig
    crystalconfig.o(.text) refers to system_stm32f10x.o(.text) for SystemCoreClockUpdate
    crystalconfig.o(.text) refers to system_stm32f10x.o(.data) for SystemCoreClock
    relay.o(.text) refers to stm32f10x_rcc.o(.text) for RCC_APB2PeriphClockCmd
    relay.o(.text) refers to stm32f10x_gpio.o(.text) for GPIO_PinRemapConfig
    buzzer.o(.text) refers to stm32f10x_rcc.o(.text) for RCC_APB1PeriphClockCmd
    buzzer.o(.text) refers to stm32f10x_gpio.o(.text) for GPIO_Init
    buzzer.o(.text) refers to stm32f10x_tim.o(.text) for TIM_TimeBaseInit
    buzzer.o(.text) refers to ffltui.o(.text) for __aeabi_ui2f
    buzzer.o(.text) refers to fmul.o(.text) for __aeabi_fmul
    buzzer.o(.text) refers to f2d.o(.text) for __aeabi_f2d
    buzzer.o(.text) refers to ddiv.o(.text) for __aeabi_ddiv
    buzzer.o(.text) refers to dfixui.o(.text) for __aeabi_d2uiz
    buzzer.o(.text) refers to system_stm32f10x.o(.data) for SystemCoreClock
    buzzer.o(.text) refers to buzzer.o(.data) for .data
    bluetooth.o(.text) refers to stm32f10x_rcc.o(.text) for RCC_APB1PeriphClockCmd
    bluetooth.o(.text) refers to stm32f10x_gpio.o(.text) for GPIO_Init
    bluetooth.o(.text) refers to stm32f10x_usart.o(.text) for USART_Init
    bluetooth.o(.text) refers to misc.o(.text) for NVIC_PriorityGroupConfig
    bluetooth.o(.text) refers to memseta.o(.text) for __aeabi_memclr
    bluetooth.o(.text) refers to memcpya.o(.text) for __aeabi_memcpy
    bluetooth.o(.text) refers to bluetooth.o(.bss) for .bss
    button.o(.text) refers to stm32f10x_rcc.o(.text) for RCC_APB2PeriphClockCmd
    button.o(.text) refers to stm32f10x_gpio.o(.text) for GPIO_Init
    ds1307.o(.text) refers to stm32f10x_rcc.o(.text) for RCC_APB1PeriphClockCmd
    ds1307.o(.text) refers to stm32f10x_gpio.o(.text) for GPIO_Init
    ds1307.o(.text) refers to stm32f10x_i2c.o(.text) for I2C_DeInit
    system_stm32f10x.o(.text) refers to system_stm32f10x.o(.data) for .data
[...]
    printf2.o(i.__0printf$2) refers to bluetooth.o(.text) for fputc
    printf2.o(i.__0printf$2) refers to stdout.o(.data) for __stdout
    printf2.o(i.__0snprintf$2) refers to printf2.o(i._printf_core) for _printf_core
    printf2.o(i.__0snprintf$2) refers to printf2.o(i._snputc) for _snputc
    printf2.o(i.__0sprintf$2) refers to printf2.o(i._printf_core) for _printf_core
    printf2.o(i.__0sprintf$2) refers to printf2.o(i._sputc) for _sputc
    printf2.o(i.__0vfprintf$2) refers to printf2.o(i._printf_core) for _printf_core
    printf2.o(i.__0vfprintf$2) refers to bluetooth.o(.text) for fputc
    printf2.o(i.__0vprintf$2) refers to printf2.o(i._printf_core) for _printf_core
    printf2.o(i.__0vprintf$2) refers to bluetooth.o(.text) for fputc
    printf2.o(i.__0vprintf$2) refers to stdout.o(.data) for __stdout
    printf2.o(i.__0vsnprintf$2) refers to printf2.o(i._printf_core) for _printf_core
    printf2.o(i.__0vsnprintf$2) refers to printf2.o(i._snputc) for _snputc
    printf2.o(i.__0vsprintf$2) refers to printf2.o(i._printf_core) for _printf_core
    printf2.o(i.__0vsprintf$2) refers to printf2.o(i._sputc) for _sputc
    printf3.o(i.__0fprintf$3) refers to printf3.o(i._printf_core) for _printf_core
    printf3.o(i.__0fprintf$3) refers to bluetooth.o(.text) for fputc
    printf3.o(i.__0printf$3) refers to printf3.o(i._printf_core) for _printf_core
    printf3.o(i.__0printf$3) refers to bluetooth.o(.text) for fputc
    printf3.o(i.__0printf$3) refers to stdout.o(.data) for __stdout
    printf3.o(i.__0snprintf$3) refers to printf3.o(i._printf_core) for _printf_core
    printf3.o(i.__0snprintf$3) refers to printf3.o(i._snputc) for _snputc
    printf3.o(i.__0sprintf$3) refers to printf3.o(i._printf_core) for _printf_core
    printf3.o(i.__0sprintf$3) refers to printf3.o(i._sputc) for _sputc
    printf3.o(i.__0vfprintf$3) refers to printf3.o(i._printf_core) for _printf_core
    printf3.o(i.__0vfprintf$3) refers to bluetooth.o(.text) for fputc
    printf3.o(i.__0vprintf$3) refers to printf3.o(i._printf_core) for _printf_core
    printf3.o(i.__0vprintf$3) refers to bluetooth.o(.text) for fputc
    printf3.o(i.__0vprintf$3) refers to stdout.o(.data) for __stdout
    printf3.o(i.__0vsnprintf$3) refers to printf3.o(i._printf_core) for _printf_core
    printf3.o(i.__0vsnprintf$3) refers to printf3.o(i._snputc) for _snputc
    printf3.o(i.__0vsprintf$3) refers to printf3.o(i._printf_core) for _printf_core
    printf3.o(i.__0vsprintf$3) refers to printf3.o(i._sputc) for _sputc
    printf3.o(i._printf_core) refers to uidiv.o(.text) for __aeabi_uidivmod
    printf4.o(i.__0fprintf$4) refers to printf4.o(i._printf_core) for _printf_core
    printf4.o(i.__0fprintf$4) refers to bluetooth.o(.text) for fputc
    printf4.o(i.__0printf$4) refers to printf4.o(i._printf_core) for _printf_core
    printf4.o(i.__0printf$4) refers to bluetooth.o(.text) for fputc
    printf4.o(i.__0printf$4) refers to stdout.o(.data) for __stdout
    printf4.o(i.__0snprintf$4) refers to printf4.o(i._printf_core) for _printf_core
    printf4.o(i.__0snprintf$4) refers to printf4.o(i._snputc) for _snputc
    printf4.o(i.__0sprintf$4) refers to printf4.o(i._printf_core) for _printf_core
    printf4.o(i.__0sprintf$4) refers to printf4.o(i._sputc) for _sputc
    printf4.o(i.__0vfprintf$4) refers to printf4.o(i._printf_core) for _printf_core
    printf4.o(i.__0vfprintf$4) refers to bluetooth.o(.text) for fputc
    printf4.o(i.__0vprintf$4) refers to printf4.o(i._printf_core) for _printf_core
    printf4.o(i.__0vprintf$4) refers to bluetooth.o(.text) for fputc
    printf4.o(i.__0vprintf$4) refers to stdout.o(.data) for __stdout
    printf4.o(i.__0vsnprintf$4) refers to printf4.o(i._printf_core) for _printf_core
    printf4.o(i.__0vsnprintf$4) refers to printf4.o(i._snputc) for _snputc
    printf4.o(i.__0vsprintf$4) refers to printf4.o(i._printf_core) for _printf_core
    printf4.o(i.__0vsprintf$4) refers to printf4.o(i._sputc) for _sputc
    printf4.o(i._printf_core) refers to uldiv.o(.text) for __aeabi_uldivmod
    printf5.o(i.__0fprintf$5) refers to printf5.o(i._printf_core) for _printf_core
    printf5.o(i.__0fprintf$5) refers to bluetooth.o(.text) for fputc
    printf5.o(i.__0printf$5) refers to printf5.o(i._printf_core) for _printf_core
    printf5.o(i.__0printf$5) refers to bluetooth.o(.text) for fputc
    printf5.o(i.__0printf$5) refers to stdout.o(.data) for __stdout
    printf5.o(i.__0snprintf$5) refers to printf5.o(i._printf_core) for _printf_core
    printf5.o(i.__0snprintf$5) refers to printf5.o(i._snputc) for _snputc
    printf5.o(i.__0sprintf$5) refers to printf5.o(i._printf_core) for _printf_core
    printf5.o(i.__0sprintf$5) refers to printf5.o(i._sputc) for _sputc
    printf5.o(i.__0vfprintf$5) refers to printf5.o(i._printf_core) for _printf_core
    printf5.o(i.__0vfprintf$5) refers to bluetooth.o(.text) for fputc
    printf5.o(i.__0vprintf$5) refers to printf5.o(i._printf_core) for _printf_core
    printf5.o(i.__0vprintf$5) refers to bluetooth.o(.text) for fputc
    printf5.o(i.__0vprintf$5) refers to stdout.o(.data) for __stdout
    printf5.o(i.__0vsnprintf$5) refers to printf5.o(i._printf_core) for _printf_core
    printf5.o(i.__0vsnprintf$5) refers to printf5.o(i._snputc) for _snputc
    printf5.o(i.__0vsprintf$5) refers to printf5.o(i._printf_core) for _printf_core
    printf5.o(i.__0vsprintf$5) refers to printf5.o(i._sputc) for _sputc
    printf5.o(i._printf_core) refers to uldiv.o(.text) for __aeabi_uldivmod
    printf6.o(i.__0fprintf$6) refers to printf6.o(i._printf_core) for _printf_core
    printf6.o(i.__0fprintf$6) refers to bluetooth.o(.text) for fputc
    printf6.o(i.__0printf$6) refers to printf6.o(i._printf_core) for _printf_core
    printf6.o(i.__0printf$6) refers to bluetooth.o(.text) for fputc
    printf6.o(i.__0printf$6) refers to stdout.o(.data) for __stdout
    printf6.o(i.__0snprintf$6) refers to printf6.o(i._printf_core) for _printf_core
    printf6.o(i.__0snprintf$6) refers to printf6.o(i._snputc) for _snputc
    printf6.o(i.__0sprintf$6) refers to printf6.o(i._printf_core) for _printf_core
    printf6.o(i.__0sprintf$6) refers to printf6.o(i._sputc) for _sputc
    printf6.o(i.__0vfprintf$6) refers to printf6.o(i._printf_core) for _printf_core
    printf6.o(i.__0vfprintf$6) refers to bluetooth.o(.text) for fputc
    printf6.o(i.__0vprintf$6) refers to printf6.o(i._printf_core) for _printf_core
    printf6.o(i.__0vprintf$6) refers to bluetooth.o(.text) for fputc
    printf6.o(i.__0vprintf$6) refers to stdout.o(.data) for __stdout
    printf6.o(i.__0vsnprintf$6) refers to printf6.o(i._printf_core) for _printf_core
    printf6.o(i.__0vsnprintf$6) refers to printf6.o(i._snputc) for _snputc
    printf6.o(i.__0vsprintf$6) refers to printf6.o(i._printf_core) for _printf_core
    printf6.o(i.__0vsprintf$6) refers to printf6.o(i._sputc) for _sputc
    printf6.o(i._printf_core) refers to printf6.o(i._printf_pre_padding) for _printf_pre_padding
    printf6.o(i._printf_core) refers to uidiv.o(.text) for __aeabi_uidivmod
    printf6.o(i._printf_core) refers to printf6.o(i._printf_post_padding) for _printf_post_padding
    printf7.o(i.__0fprintf$7) refers to printf7.o(i._printf_core) for _printf_core
    printf7.o(i.__0fprintf$7) refers to bluetooth.o(.text) for fputc
    printf7.o(i.__0printf$7) refers to printf7.o(i._printf_core) for _printf_core
    printf7.o(i.__0printf$7) refers to bluetooth.o(.text) for fputc
    printf7.o(i.__0printf$7) refers to stdout.o(.data) for __stdout
    printf7.o(i.__0snprintf$7) refers to printf7.o(i._printf_core) for _printf_core
    printf7.o(i.__0snprintf$7) refers to printf7.o(i._snputc) for _snputc
    printf7.o(i.__0sprintf$7) refers to printf7.o(i._printf_core) for _printf_core
    printf7.o(i.__0sprintf$7) refers to printf7.o(i._sputc) for _sputc
    printf7.o(i.__0vfprintf$7) refers to printf7.o(i._printf_core) for _printf_core
    printf7.o(i.__0vfprintf$7) refers to bluetooth.o(.text) for fputc
    printf7.o(i.__0vprintf$7) refers to printf7.o(i._printf_core) for _printf_core
    printf7.o(i.__0vprintf$7) refers to bluetooth.o(.text) for fputc
    printf7.o(i.__0vprintf$7) refers to stdout.o(.data) for __stdout
    printf7.o(i.__0vsnprintf$7) refers to printf7.o(i._printf_core) for _printf_core
    printf7.o(i.__0vsnprintf$7) refers to printf7.o(i._snputc) for _snputc
    printf7.o(i.__0vsprintf$7) refers to printf7.o(i._printf_core) for _printf_core
    printf7.o(i.__0vsprintf$7) refers to printf7.o(i._sputc) for _sputc
    printf7.o(i._printf_core) refers to printf7.o(i._printf_pre_padding) for _printf_pre_padding
    printf7.o(i._printf_core) refers to uldiv.o(.text) for __aeabi_uldivmod
    printf7.o(i._printf_core) refers to printf7.o(i._printf_post_padding) for _printf_post_padding
    printf8.o(i.__0fprintf$8) refers to printf8.o(i._printf_core) for _printf_core
    printf8.o(i.__0fprintf$8) refers to bluetooth.o(.text) for fputc
    printf8.o(i.__0printf$8) refers to printf8.o(i._printf_core) for _printf_core
    printf8.o(i.__0printf$8) refers to bluetooth.o(.text) for fputc
    printf8.o(i.__0printf$8) refers to stdout.o(.data) for __stdout
    printf8.o(i.__0snprintf$8) refers to printf8.o(i._printf_core) for _printf_core
    printf8.o(i.__0snprintf$8) refers to printf8.o(i._snputc) for _snputc
    printf8.o(i.__0sprintf$8) refers to printf8.o(i._printf_core) for _printf_core
    printf8.o(i.__0sprintf$8) refers to printf8.o(i._sputc) for _sputc
    printf8.o(i.__0vfprintf$8) refers to printf8.o(i._printf_core) for _printf_core
    printf8.o(i.__0vfprintf$8) refers to bluetooth.o(.text) for fputc
    printf8.o(i.__0vprintf$8) refers to printf8.o(i._printf_core) for _printf_core
    printf8.o(i.__0vprintf$8) refers to bluetooth.o(.text) for fputc
    printf8.o(i.__0vprintf$8) refers to stdout.o(.data) for __stdout
    printf8.o(i.__0vsnprintf$8) refers to printf8.o(i._printf_core) for _printf_core
    printf8.o(i.__0vsnprintf$8) refers to printf8.o(i._snputc) for _snputc
    printf8.o(i.__0vsprintf$8) refers to printf8.o(i._printf_core) for _printf_core
    printf8.o(i.__0vsprintf$8) refers to printf8.o(i._sputc) for _sputc
    printf8.o(i._printf_core) refers to printf8.o(i._printf_pre_padding) for _printf_pre_padding
    printf8.o(i._printf_core) refers to uldiv.o(.text) for __aeabi_uldivmod
    printf8.o(i._printf_core) refers to printf8.o(i._printf_post_padding) for _printf_post_padding
    printfa.o(i.__0fprintf) refers (Special) to iusefp.o(.text) for __I$use$fp
    printfa.o(i.__0fprintf) refers to printfa.o(i._printf_core) for _printf_core
    printfa.o(i.__0fprintf) refers to bluetooth.o(.text) for fputc
    printfa.o(i.__0printf) refers (Special) to iusefp.o(.text) for __I$use$fp
    printfa.o(i.__0printf) refers to printfa.o(i._printf_core) for _printf_core
    printfa.o(i.__0printf) refers to bluetooth.o(.text) for fputc
    printfa.o(i.__0printf) refers to stdout.o(.data) for __stdout
    printfa.o(i.__0snprintf) refers (Special) to iusefp.o(.text) for __I$use$fp
    printfa.o(i.__0snprintf) refers to printfa.o(i._printf_core) for _printf_core
    printfa.o(i.__0snprintf) refers to printfa.o(i._snputc) for _snputc
    printfa.o(i.__0sprintf) refers (Special) to iusefp.o(.text) for __I$use$fp
    printfa.o(i.__0sprintf) refers to printfa.o(i._printf_core) for _printf_core
    printfa.o(i.__0sprintf) refers to printfa.o(i._sputc) for _sputc
    printfa.o(i.__0vfprintf) refers (Special) to iusefp.o(.text) for __I$use$fp
    printfa.o(i.__0vfprintf) refers to printfa.o(i._printf_core) for _printf_core
    printfa.o(i.__0vfprintf) refers to bluetooth.o(.text) for fputc
    printfa.o(i.__0vprintf) refers (Special) to iusefp.o(.text) for __I$use$fp
    printfa.o(i.__0vprintf) refers to printfa.o(i._printf_core) for _printf_core
    printfa.o(i.__0vprintf) refers to bluetooth.o(.text) for fputc
    printfa.o(i.__0vprintf) refers to stdout.o(.data) for __stdout
    printfa.o(i.__0vsnprintf) refers (Special) to iusefp.o(.text) for __I$use$fp
    printfa.o(i.__0vsnprintf) refers to printfa.o(i._printf_core) for _printf_core
    printfa.o(i.__0vsnprintf) refers to printfa.o(i._snputc) for _snputc
    printfa.o(i.__0vsprintf) refers (Special) to iusefp.o(.text) for __I$use$fp
    printfa.o(i.__0vsprintf) refers to printfa.o(i._printf_core) for _printf_core
    printfa.o(i.__0vsprintf) refers to printfa.o(i._sputc) for _sputc
    printfa.o(i._fp_digits) refers (Special) to iusefp.o(.text) for __I$use$fp
    printfa.o(i._fp_digits) refers to dmul.o(.text) for __aeabi_dmul
    printfa.o(i._fp_digits) refers to ddiv.o(.text) for __aeabi_ddiv
    printfa.o(i._fp_digits) refers to cdrcmple.o(.text) for __aeabi_cdrcmple
    printfa.o(i._fp_digits) refers to dadd.o(.text) for __aeabi_dadd
    printfa.o(i._fp_digits) refers to dfixul.o(.text) for __aeabi_d2ulz
    printfa.o(i._fp_digits) refers to uldiv.o(.text) for __aeabi_uldivmod
    printfa.o(i._printf_core) refers (Special) to iusefp.o(.text) for __I$use$fp
    printfa.o(i._printf_core) refers to printfa.o(i._printf_pre_padding) for _printf_pre_padding
    printfa.o(i._printf_core) refers to uldiv.o(.text) for __aeabi_uldivmod
    printfa.o(i._printf_core) refers to printfa.o(i._printf_post_padding) for _printf_post_padding
    printfa.o(i._printf_core) refers to printfa.o(i._fp_digits) for _fp_digits
    printfa.o(i._printf_core) refers to uidiv.o(.text) for __aeabi_uidivmod
    printfa.o(i._printf_post_padding) refers (Special) to iusefp.o(.text) for __I$use$fp
    printfa.o(i._printf_pre_padding) refers (Special) to iusefp.o(.text) for __I$use$fp
    printfa.o(i._snputc) refers (Special) to iusefp.o(.text) for __I$use$fp
    printfa.o(i._sputc) refers (Special) to iusefp.o(.text) for __I$use$fp
    fmul.o(.text) refers (Special) to iusefp.o(.text) for __I$use$fp
    ddiv.o(.text) refers (Special) to iusefp.o(.text) for __I$use$fp
    ddiv.o(.text) refers to depilogue.o(.text) for _double_round
    ffltui.o(.text) refers (Special) to iusefp.o(.text) for __I$use$fp
    ffltui.o(.text) refers to fepilogue.o(.text) for _float_epilogue
    dfixui.o(.text) refers (Special) to iusefp.o(.text) for __I$use$fp
    dfixui.o(.text) refers to llushr.o(.text) for __aeabi_llsr
    f2d.o(.text) refers (Special) to iusefp.o(.text) for __I$use$fp
    entry2.o(.ARM.Collect$$$$00000001) refers to entry2.o(.ARM.Collect$$$$00002712) for __lit__00000000
    entry2.o(.ARM.Collect$$$$00002712) refers to startup_stm32f10x_md.o(STACK) for __initial_sp
    entry2.o(__vectab_stack_and_reset_area) refers to startup_stm32f10x_md.o(STACK) for __initial_sp
    entry2.o(__vectab_stack_and_reset_area) refers to entry.o(.ARM.Collect$$$$00000000) for __main
    entry5.o(.ARM.Collect$$$$00000004) refers to init.o(.text) for __scatterload
    entry9a.o(.ARM.Collect$$$$0000000B) refers to main.o(.text) for main
    entry9b.o(.ARM.Collect$$$$0000000C) refers to main.o(.text) for main
    uldiv.o(.text) refers to llushr.o(.text) for __aeabi_llsr
    uldiv.o(.text) refers to llshl.o(.text) for __aeabi_llsl
    depilogue.o(.text) refers to llshl.o(.text) for __aeabi_llsl
    depilogue.o(.text) refers to llushr.o(.text) for __aeabi_llsr
    dadd.o(.text) refers to llshl.o(.text) for __aeabi_llsl
    dadd.o(.text) refers to llsshr.o(.text) for __aeabi_lasr
    dadd.o(.text) refers to depilogue.o(.text) for _double_epilogue
    dmul.o(.text) refers to depilogue.o(.text) for _double_epilogue
    dfixul.o(.text) refers to llushr.o(.text) for __aeabi_llsr
    dfixul.o(.text) refers to llshl.o(.text) for __aeabi_llsl
    init.o(.text) refers to entry5.o(.ARM.Collect$$$$00000004) for __main_after_scatterload


==============================================================================

Removing Unused input sections from the image.

    Removing xtask.o(.data), (4 bytes).
    Removing core_cm3.o(.emb_text), (32 bytes).
    Removing startup_stm32f10x_md.o(HEAP), (512 bytes).
    Removing dadd.o(.text), (334 bytes).
    Removing dmul.o(.text), (228 bytes).
    Removing dfixul.o(.text), (48 bytes).
    Removing cdrcmple.o(.text), (48 bytes).

7 unused section(s) (total 1206 bytes) removed from the image.

==============================================================================

Image Symbol Table

    Local Symbols

    Symbol Name                              Value     Ov Type        Size  Object(Section)

    ../clib/microlib/division.c              0x00000000   Number         0  uldiv.o ABSOLUTE
    ../clib/microlib/division.c              0x00000000   Number         0  uidiv.o ABSOLUTE
    ../clib/microlib/init/entry.s            0x00000000   Number         0  entry11b.o ABSOLUTE
    ../clib/microlib/init/entry.s            0x00000000   Number         0  entry9a.o ABSOLUTE
    ../clib/microlib/init/entry.s            0x00000000   Number         0  entry7a.o ABSOLUTE
    ../clib/microlib/init/entry.s            0x00000000   Number         0  entry7b.o ABSOLUTE
    ../clib/microlib/init/entry.s            0x00000000   Number         0  entry9b.o ABSOLUTE
    ../clib/microlib/init/entry.s            0x00000000   Number         0  entry10a.o ABSOLUTE
    ../clib/microlib/init/entry.s            0x00000000   Number         0  entry11a.o ABSOLUTE
    ../clib/microlib/init/entry.s            0x00000000   Number         0  entry8a.o ABSOLUTE
    ../clib/microlib/init/entry.s            0x00000000   Number         0  entry2.o ABSOLUTE
    ../clib/microlib/init/entry.s            0x00000000   Number         0  entry5.o ABSOLUTE
    ../clib/microlib/init/entry.s            0x00000000   Number         0  entry10b.o ABSOLUTE
    ../clib/microlib/init/entry.s            0x00000000   Number         0  entry8b.o ABSOLUTE
    ../clib/microlib/init/entry.s            0x00000000   Number         0  entry.o ABSOLUTE
    ../clib/microlib/longlong.c              0x00000000   Number         0  llushr.o ABSOLUTE
    ../clib/microlib/longlong.c              0x00000000   Number         0  llshl.o ABSOLUTE
    ../clib/microlib/longlong.c              0x00000000   Number         0  llsshr.o ABSOLUTE
    ../clib/microlib/printf/printf.c         0x00000000   Number         0  printf6.o ABSOLUTE
    ../clib/microlib/printf/printf.c         0x00000000   Number         0  printf0.o ABSOLUTE
    ../clib/microlib/printf/printf.c         0x00000000   Number         0  printf5.o ABSOLUTE
    ../clib/microlib/printf/printf.c         0x00000000   Number         0  printfb.o ABSOLUTE
    ../clib/microlib/printf/printf.c         0x00000000   Number         0  printf1.o ABSOLUTE
    ../clib/microlib/printf/printf.c         0x00000000   Number         0  printf2.o ABSOLUTE
    ../clib/microlib/printf/printf.c         0x00000000   Number         0  printf3.o ABSOLUTE
    ../clib/microlib/printf/printf.c         0x00000000   Number         0  printfa.o ABSOLUTE
    ../clib/microlib/printf/printf.c         0x00000000   Number         0  printf8.o ABSOLUTE
    ../clib/microlib/printf/printf.c         0x00000000   Number         0  printf7.o ABSOLUTE
    ../clib/microlib/printf/printf.c         0x00000000   Number         0  printf4.o ABSOLUTE
    ../clib/microlib/printf/stubs.s          0x00000000   Number         0  stubs.o ABSOLUTE
    ../clib/microlib/stdio/streams.c         0x00000000   Number         0  stdout.o ABSOLUTE
    ../clib/microlib/string/memcpy.c         0x00000000   Number         0  memcpyb.o ABSOLUTE
    ../clib/microlib/string/memcpy.c         0x00000000   Number         0  memcpya.o ABSOLUTE
    ../clib/microlib/string/memset.c         0x00000000   Number         0  memseta.o ABSOLUTE
    ../clib/microlib/stubs.s                 0x00000000   Number         0  iusefp.o ABSOLUTE
    ../fplib/microlib/f2d.c                  0x00000000   Number         0  f2d.o ABSOLUTE
    ../fplib/microlib/fpadd.c                0x00000000   Number         0  dadd.o ABSOLUTE
    ../fplib/microlib/fpdiv.c                0x00000000   Number         0  ddiv.o ABSOLUTE
    ../fplib/microlib/fpepilogue.c           0x00000000   Number         0  fepilogue.o ABSOLUTE
    ../fplib/microlib/fpepilogue.c           0x00000000   Number         0  depilogue.o ABSOLUTE
    ../fplib/microlib/fpfix.c                0x00000000   Number         0  dfixui.o ABSOLUTE
    ../fplib/microlib/fpfix.c                0x00000000   Number         0  dfixul.o ABSOLUTE
    ../fplib/microlib/fpflt.c                0x00000000   Number         0  ffltui.o ABSOLUTE
    ../fplib/microlib/fpmul.c                0x00000000   Number         0  fmul.o ABSOLUTE
    ../fplib/microlib/fpmul.c                0x00000000   Number         0  dmul.o ABSOLUTE
    Application\main.c                       0x00000000   Number         0  main.o ABSOLUTE
    Application\xTask.c                      0x00000000   Number         0  xtask.o ABSOLUTE
    Driver\bluetooth.c                       0x00000000   Number         0  bluetooth.o ABSOLUTE
    Driver\button.c                          0x00000000   Number         0  button.o ABSOLUTE
    Driver\buzzer.c                          0x00000000   Number         0  buzzer.o ABSOLUTE
    Driver\crystalconfig.c                   0x00000000   Number         0  crystalconfig.o ABSOLUTE
    Driver\ds1307.c                          0x00000000   Number         0  ds1307.o ABSOLUTE
    Driver\relay.c                           0x00000000   Number         0  relay.o ABSOLUTE
    System\FreeRTOS\list.c                   0x00000000   Number         0  list.o ABSOLUTE
    System\FreeRTOS\portable\MemMang\heap_2.c 0x00000000   Number         0  heap_2.o ABSOLUTE
    System\FreeRTOS\portable\RVDS\ARM_CM3\port.c 0x00000000   Number         0  port.o ABSOLUTE
    System\FreeRTOS\queue.c                  0x00000000   Number         0  queue.o ABSOLUTE
    System\FreeRTOS\tasks.c                  0x00000000   Number         0  tasks.o ABSOLUTE
    System\FreeRTOS\timers.c                 0x00000000   Number         0  timers.o ABSOLUTE
    System\Libraries\CMSIS\CM3\CoreSupport\core_cm3.c 0x00000000   Number         0  core_cm3.o ABSOLUTE
    System\Libraries\CMSIS\CM3\DeviceSupport\ST\STM32F10x\startup\arm\startup_stm32f10x_md.s 0x00000000   Number         0  startup_stm32f10x_md.o ABSOLUTE
    System\Libraries\CMSIS\CM3\DeviceSupport\ST\STM32F10x\system_stm32f10x.c 0x00000000   Number         0  system_stm32f10x.o ABSOLUTE
    System\Libraries\STM32F10x_StdPeriph_Driver\src\misc.c 0x00000000   Number         0  misc.o ABSOLUTE
    System\Libraries\STM32F10x_StdPeriph_Driver\src\stm32f10x_gpio.c 0x00000000   Number         0  stm32f10x_gpio.o ABSOLUTE
    System\Libraries\STM32F10x_StdPeriph_Driver\src\stm32f10x_i2c.c 0x00000000   Number         0  stm32f10x_i2c.o ABSOLUTE
    System\Libraries\STM32F10x_StdPeriph_Driver\src\stm32f10x_rcc.c 0x00000000   Number         0  stm32f10x_rcc.o ABSOLUTE
    System\Libraries\STM32F10x_StdPeriph_Driver\src\stm32f10x_tim.c 0x00000000   Number         0  stm32f10x_tim.o ABSOLUTE
    System\Libraries\STM32F10x_StdPeriph_Driver\src\stm32f10x_usart.c 0x00000000   Number         0  stm32f10x_usart.o ABSOLUTE
    System\\FreeRTOS\\portable\\RVDS\\ARM_CM3\\port.c 0x00000000   Number         0  port.o ABSOLUTE
    System\\Libraries\\CMSIS\\CM3\\CoreSupport\\core_cm3.c 0x00000000   Number         0  core_cm3.o ABSOLUTE
    cdrcmple.s                               0x00000000   Number         0  cdrcmple.o ABSOLUTE
    dc.s                                     0x00000000   Number         0  dc.o ABSOLUTE
    handlers.s                               0x00000000   Number         0  handlers.o ABSOLUTE
    init.s                                   0x00000000   Number         0  init.o ABSOLUTE
    RESET                                    0x08000000   Section      236  startup_stm32f10x_md.o(RESET)
    .ARM.Collect$$$$00000000                 0x080000ec   Section        0  entry.o(.ARM.Collect$$$$00000000)
    .ARM.Collect$$$$00000001                 0x080000ec   Section        4  entry2.o(.ARM.Collect$$$$00000001)
    .ARM.Collect$$$$00000004                 0x080000f0   Section        4  entry5.o(.ARM.Collect$$$$00000004)
    .ARM.Collect$$$$00000008                 0x080000f4   Section        0  entry7b.o(.ARM.Collect$$$$00000008)
    .ARM.Collect$$$$0000000A                 0x080000f4   Section        0  entry8b.o(.ARM.Collect$$$$0000000A)
    .ARM.Collect$$$$0000000B                 0x080000f4   Section        8  entry9a.o(.ARM.Collect$$$$0000000B)
    .ARM.Collect$$$$0000000D                 0x080000fc   Section        0  entry10a.o(.ARM.Collect$$$$0000000D)
    .ARM.Collect$$$$0000000F                 0x080000fc   Section        0  entry11a.o(.ARM.Collect$$$$0000000F)
    .ARM.Collect$$$$00002712                 0x080000fc   Section        4  entry2.o(.ARM.Collect$$$$00002712)
    __lit__00000000                          0x080000fc   Data           4  entry2.o(.ARM.Collect$$$$00002712)
    .emb_text                                0x08000100   Section      162  port.o(.emb_text)
    .text                                    0x080001a2   Section        0  main.o(.text)
    .text                                    0x080001b4   Section        0  xtask.o(.text)
    .text                                    0x080005a0   Section        0  list.o(.text)
    .text                                    0x08000634   Section        0  queue.o(.text)
    prvUnlockQueue                           0x08000e93   Thumb Code   108  queue.o(.text)
    .text                                    0x08000f00   Section        0  tasks.o(.text)
    prvIdleTask                              0x080016c7   Thumb Code    92  tasks.o(.text)
    prvAddCurrentTaskToDelayedList           0x08001da5   Thumb Code    48  tasks.o(.text)
    .text                                    0x08001de4   Section        0  timers.o(.text)
    prvTimerTask                             0x08001e43   Thumb Code   570  timers.o(.text)
    prvSampleTimeNow                         0x08002187   Thumb Code   190  timers.o(.text)
    .text                                    0x08002244   Section        0  port.o(.text)
    prvTaskExitError                         0x08002245   Thumb Code     6  port.o(.text)
    .text                                    0x08002310   Section        0  heap_2.o(.text)
    .text                                    0x08002418   Section        0  crystalconfig.o(.text)
    .text                                    0x080024bc   Section        0  relay.o(.text)
    .text                                    0x08002558   Section        0  buzzer.o(.text)
    .text                                    0x080026ec   Section        0  bluetooth.o(.text)
    .text                                    0x080028b0   Section        0  button.o(.text)
    .text                                    0x08002924   Section        0  ds1307.o(.text)
    .text                                    0x08002d44   Section        0  system_stm32f10x.o(.text)
    .text                                    0x08002e9c   Section       36  startup_stm32f10x_md.o(.text)
    .text                                    0x08002ec0   Section        0  misc.o(.text)
    .text                                    0x08002f84   Section        0  stm32f10x_rcc.o(.text)
    .text                                    0x08003264   Section        0  stm32f10x_gpio.o(.text)
    .text                                    0x0800350c   Section        0  stm32f10x_tim.o(.text)
    TI2_Config                               0x0800424d   Thumb Code   124  stm32f10x_tim.o(.text)
    .text                                    0x080042d4   Section        0  stm32f10x_usart.o(.text)
    .text                                    0x0800462c   Section        0  stm32f10x_i2c.o(.text)
    .text                                    0x0800494c   Section        0  memcpya.o(.text)
    .text                                    0x08004970   Section        0  memseta.o(.text)
    .text                                    0x08004994   Section        0  fmul.o(.text)
    .text                                    0x080049f8   Section        0  ddiv.o(.text)
    .text                                    0x08004ad6   Section        0  ffltui.o(.text)
    .text                                    0x08004ae0   Section        0  dfixui.o(.text)
    .text                                    0x08004b12   Section        0  f2d.o(.text)
    .text                                    0x08004b38   Section        0  uldiv.o(.text)
    .text                                    0x08004b9a   Section        0  llushr.o(.text)
    .text                                    0x08004bba   Section        0  fepilogue.o(.text)
    .text                                    0x08004bba   Section        0  iusefp.o(.text)
    .text                                    0x08004c28   Section        0  depilogue.o(.text)
    .text                                    0x08004ce4   Section       36  init.o(.text)
    .text                                    0x08004d08   Section        0  llshl.o(.text)
    i.__0printf$8                            0x08004d28   Section        0  printf8.o(i.__0printf$8)
    i.__scatterload_copy                     0x08004d48   Section       14  handlers.o(i.__scatterload_copy)
    i.__scatterload_null                     0x08004d56   Section        2  handlers.o(i.__scatterload_null)
    i.__scatterload_zeroinit                 0x08004d58   Section       14  handlers.o(i.__scatterload_zeroinit)
    i._printf_core                           0x08004d68   Section        0  printf8.o(i._printf_core)
    _printf_core                             0x08004d69   Thumb Code   996  printf8.o(i._printf_core)
    i._printf_post_padding                   0x08005178   Section        0  printf8.o(i._printf_post_padding)
    _printf_post_padding                     0x08005179   Thumb Code    36  printf8.o(i._printf_post_padding)
    i._printf_pre_padding                    0x0800519c   Section        0  printf8.o(i._printf_pre_padding)
    _printf_pre_padding                      0x0800519d   Thumb Code    46  printf8.o(i._printf_pre_padding)
    .constdata                               0x080051ca   Section     6432  xtask.o(.constdata)
    .data                                    0x20000000   Section       40  xtask.o(.data)
    xHigherPriorityTaskWoken                 0x20000004   Data           4  xtask.o(.data)
    .data                                    0x20000028   Section       56  tasks.o(.data)
    uxTasksDeleted                           0x2000002c   Data           4  tasks.o(.data)
    uxCurrentNumberOfTasks                   0x20000030   Data           4  tasks.o(.data)
    xTickCount                               0x20000034   Data           4  tasks.o(.data)
    uxTopReadyPriority                       0x20000038   Data           4  tasks.o(.data)
    xSchedulerRunning                        0x2000003c   Data           4  tasks.o(.data)
    uxPendedTicks                            0x20000040   Data           4  tasks.o(.data)
    xYieldPending                            0x20000044   Data           4  tasks.o(.data)
    xNumOfOverflows                          0x20000048   Data           4  tasks.o(.data)
    uxTaskNumber                             0x2000004c   Data           4  tasks.o(.data)
    xNextTaskUnblockTime                     0x20000050   Data           4  tasks.o(.data)
    uxSchedulerSuspended                     0x20000054   Data           4  tasks.o(.data)
    pxDelayedTaskList                        0x20000058   Data           4  tasks.o(.data)
    pxOverflowDelayedTaskList                0x2000005c   Data           4  tasks.o(.data)
    .data                                    0x20000060   Section       20  timers.o(.data)
    xTimerQueue                              0x20000060   Data           4  timers.o(.data)
    xTimerTaskHandle                         0x20000064   Data           4  timers.o(.data)
    xLastTime                                0x20000068   Data           4  timers.o(.data)
    pxCurrentTimerList                       0x2000006c   Data           4  timers.o(.data)
    pxOverflowTimerList                      0x20000070   Data           4  timers.o(.data)
    .data                                    0x20000074   Section        4  port.o(.data)
    uxCriticalNesting                        0x20000074   Data           4  port.o(.data)
    .data                                    0x20000078   Section       24  heap_2.o(.data)
    xFreeBytesRemaining                      0x20000078   Data           4  heap_2.o(.data)
    xHeapHasBeenInitialised                  0x2000007c   Data           4  heap_2.o(.data)
    xStart                                   0x20000080   Data           8  heap_2.o(.data)
    xEnd                                     0x20000088   Data           8  heap_2.o(.data)
    .data                                    0x20000090   Section        4  buzzer.o(.data)
    .data                                    0x20000094   Section       20  system_stm32f10x.o(.data)
    .data                                    0x200000a8   Section       20  stm32f10x_rcc.o(.data)
    ADCPrescTable                            0x200000a8   Data           4  stm32f10x_rcc.o(.data)
    APBAHBPrescTable                         0x200000ac   Data          16  stm32f10x_rcc.o(.data)
    .data                                    0x200000bc   Section        4  stdout.o(.data)
    .bss                                     0x200000c0   Section      200  tasks.o(.bss)
    pxReadyTasksLists                        0x200000c0   Data         100  tasks.o(.bss)
    xDelayedTaskList1                        0x20000124   Data          20  tasks.o(.bss)
    xDelayedTaskList2                        0x20000138   Data          20  tasks.o(.bss)
    xPendingReadyList                        0x2000014c   Data          20  tasks.o(.bss)
    xTasksWaitingTermination                 0x20000160   Data          20  tasks.o(.bss)
    xSuspendedTaskList                       0x20000174   Data          20  tasks.o(.bss)
    .bss                                     0x20000188   Section       40  timers.o(.bss)
    xActiveTimerList1                        0x20000188   Data          20  timers.o(.bss)
    xActiveTimerList2                        0x2000019c   Data          20  timers.o(.bss)
    .bss                                     0x200001b0   Section    10240  heap_2.o(.bss)
    ucHeap                                   0x200001b0   Data       10240  heap_2.o(.bss)
    .bss                                     0x200029b0   Section      101  bluetooth.o(.bss)
    STACK                                    0x20002a18   Section     1024  startup_stm32f10x_md.o(STACK)

    Global Symbols

    Symbol Name                              Value     Ov Type        Size  Object(Section)

    BuildAttributes$$THM_ISAv4$P$D$K$B$S$PE$A:L22UL41UL21$X:L11$S22US41US21$IEEE1$IW$USESV6$~STKCKD$USESV7$~SHL$OTIME$ROPI$EBA8$MICROLIB$REQ8$PRES8$EABIv2 0x00000000   Number         0  anon$$obj.o ABSOLUTE
    __ARM_use_no_argv                        0x00000000   Number         0  main.o ABSOLUTE
    _printf_a                                0x00000000   Number         0  stubs.o ABSOLUTE
    _printf_c                                0x00000000   Number         0  stubs.o ABSOLUTE
    _printf_charcount                        0x00000000   Number         0  stubs.o ABSOLUTE
    _printf_d                                0x00000000   Number         0  stubs.o ABSOLUTE
    _printf_e                                0x00000000   Number         0  stubs.o ABSOLUTE
    _printf_f                                0x00000000   Number         0  stubs.o ABSOLUTE
    _printf_flags                            0x00000000   Number         0  stubs.o ABSOLUTE
    _printf_fp_dec                           0x00000000   Number         0  stubs.o ABSOLUTE
    _printf_fp_hex                           0x00000000   Number         0  stubs.o ABSOLUTE
    _printf_g                                0x00000000   Number         0  stubs.o ABSOLUTE
    _printf_i                                0x00000000   Number         0  stubs.o ABSOLUTE
    _printf_int_dec                          0x00000000   Number         0  stubs.o ABSOLUTE
    _printf_l                                0x00000000   Number         0  stubs.o ABSOLUTE
    _printf_lc                               0x00000000   Number         0  stubs.o ABSOLUTE
    _printf_ll                               0x00000000   Number         0  stubs.o ABSOLUTE
    _printf_lld                              0x00000000   Number         0  stubs.o ABSOLUTE
    _printf_lli                              0x00000000   Number         0  stubs.o ABSOLUTE
    _printf_llo                              0x00000000   Number         0  stubs.o ABSOLUTE
    _printf_llu                              0x00000000   Number         0  stubs.o ABSOLUTE
    _printf_llx                              0x00000000   Number         0  stubs.o ABSOLUTE
    _printf_longlong_dec                     0x00000000   Number         0  stubs.o ABSOLUTE
    _printf_longlong_hex                     0x00000000   Number         0  stubs.o ABSOLUTE
    _printf_longlong_oct                     0x00000000   Number         0  stubs.o ABSOLUTE
    _printf_ls                               0x00000000   Number         0  stubs.o ABSOLUTE
    _printf_mbtowc                           0x00000000   Number         0  stubs.o ABSOLUTE
    _printf_n                                0x00000000   Number         0  stubs.o ABSOLUTE
    _printf_o                                0x00000000   Number         0  stubs.o ABSOLUTE
    _printf_p                                0x00000000   Number         0  stubs.o ABSOLUTE
    _printf_percent                          0x00000000   Number         0  stubs.o ABSOLUTE
    _printf_pre_padding                      0x00000000   Number         0  stubs.o ABSOLUTE
    _printf_return_value                     0x00000000   Number         0  stubs.o ABSOLUTE
    _printf_s                                0x00000000   Number         0  stubs.o ABSOLUTE
    _printf_sizespec                         0x00000000   Number         0  stubs.o ABSOLUTE
    _printf_str                              0x00000000   Number         0  stubs.o ABSOLUTE
    _printf_truncate_signed                  0x00000000   Number         0  stubs.o ABSOLUTE
    _printf_truncate_unsigned                0x00000000   Number         0  stubs.o ABSOLUTE
    _printf_u                                0x00000000   Number         0  stubs.o ABSOLUTE
    _printf_wc                               0x00000000   Number         0  stubs.o ABSOLUTE
    _printf_wctomb                           0x00000000   Number         0  stubs.o ABSOLUTE
    _printf_widthprec                        0x00000000   Number         0  stubs.o ABSOLUTE
    _printf_x                                0x00000000   Number         0  stubs.o ABSOLUTE
    __cpp_initialize__aeabi_                  - Undefined Weak Reference
    __cxa_finalize                            - Undefined Weak Reference
    __decompress                              - Undefined Weak Reference
    _clock_init                               - Undefined Weak Reference
    _microlib_exit                            - Undefined Weak Reference
    __Vectors_Size                           0x000000ec   Number         0  startup_stm32f10x_md.o ABSOLUTE
    __Vectors                                0x08000000   Data           4  startup_stm32f10x_md.o(RESET)
    __Vectors_End                            0x080000ec   Data           0  startup_stm32f10x_md.o(RESET)
    __main                                   0x080000ed   Thumb Code     0  entry.o(.ARM.Collect$$$$00000000)
    _main_stk                                0x080000ed   Thumb Code     0  entry2.o(.ARM.Collect$$$$00000001)
    _main_scatterload                        0x080000f1   Thumb Code     0  entry5.o(.ARM.Collect$$$$00000004)
    __main_after_scatterload                 0x080000f5   Thumb Code     0  entry5.o(.ARM.Collect$$$$00000004)
    _main_clock                              0x080000f5   Thumb Code     0  entry7b.o(.ARM.Collect$$$$00000008)
    _main_cpp_init                           0x080000f5   Thumb Code     0  entry8b.o(.ARM.Collect$$$$0000000A)
    _main_init                               0x080000f5   Thumb Code     0  entry9a.o(.ARM.Collect$$$$0000000B)
    __rt_final_cpp                           0x080000fd   Thumb Code     0  entry10a.o(.ARM.Collect$$$$0000000D)
    __rt_final_exit                          0x080000fd   Thumb Code     0  entry11a.o(.ARM.Collect$$$$0000000F)
    SVC_Handler                              0x08000101   Thumb Code    32  port.o(.emb_text)
    __asm___6_port_c_39a90d8d__prvStartFirstTask 0x08000125   Thumb Code    28  port.o(.emb_text)
    PendSV_Handler                           0x08000145   Thumb Code    64  port.o(.emb_text)
    ulPortSetInterruptMask                   0x08000189   Thumb Code    14  port.o(.emb_text)
    vPortClearInterruptMask                  0x08000197   Thumb Code     6  port.o(.emb_text)
    vPortGetIPSR                             0x0800019d   Thumb Code     6  port.o(.emb_text)
    main                                     0x080001a3   Thumb Code    18  main.o(.text)
    systemInit                               0x080001b5   Thumb Code   110  xtask.o(.text)
    BUTTON_TASK                              0x08000223   Thumb Code   150  xtask.o(.text)
    BLUETOOTH_TASK                           0x080002b9   Thumb Code   166  xtask.o(.text)
    BUZZER_TASK                              0x0800035f   Thumb Code    90  xtask.o(.text)
    RELAY_TASK                               0x080003b9   Thumb Code    96  xtask.o(.text)
    Application_Run                          0x08000419   Thumb Code   114  xtask.o(.text)
    EEPROM_RTC_TASK                          0x0800048b   Thumb Code    76  xtask.o(.text)
    USART2_IRQHandler                        0x080004d7   Thumb Code    58  xtask.o(.text)
    vListInitialise                          0x080005a1   Thumb Code    22  list.o(.text)
    vListInitialiseItem                      0x080005b7   Thumb Code     6  list.o(.text)
    vListInsertEnd                           0x080005bd   Thumb Code    24  list.o(.text)
    vListInsert                              0x080005d5   Thumb Code    58  list.o(.text)
    uxListRemove                             0x0800060f   Thumb Code    36  list.o(.text)
    xQueueGenericReset                       0x08000635   Thumb Code    96  queue.o(.text)
    xQueueGenericCreate                      0x08000695   Thumb Code   110  queue.o(.text)
    xQueueGenericSend                        0x08000703   Thumb Code   604  queue.o(.text)
    xQueueCreateMutex                        0x0800095f   Thumb Code    68  queue.o(.text)
    xQueueCreateCountingSemaphore            0x080009a3   Thumb Code   104  queue.o(.text)
    xQueueGenericSendFromISR                 0x08000a0b   Thumb Code   190  queue.o(.text)
    xQueueGiveFromISR                        0x08000ac9   Thumb Code    82  queue.o(.text)
    xQueueGenericReceive                     0x08000b1b   Thumb Code   570  queue.o(.text)
    xQueueReceiveFromISR                     0x08000d55   Thumb Code   114  queue.o(.text)
    xQueuePeekFromISR                        0x08000dc7   Thumb Code    68  queue.o(.text)
    uxQueueMessagesWaiting                   0x08000e0b   Thumb Code    18  queue.o(.text)
    uxQueueSpacesAvailable                   0x08000e1d   Thumb Code    22  queue.o(.text)
    uxQueueMessagesWaitingFromISR            0x08000e33   Thumb Code     4  queue.o(.text)
    vQueueDelete                             0x08000e37   Thumb Code     4  queue.o(.text)
    xQueueIsQueueEmptyFromISR                0x08000e3b   Thumb Code    12  queue.o(.text)
    xQueueIsQueueFullFromISR                 0x08000e47   Thumb Code    14  queue.o(.text)
    vQueueWaitForMessageRestricted           0x08000e55   Thumb Code    62  queue.o(.text)
    xTaskGenericCreate                       0x08000f01   Thumb Code   364  tasks.o(.text)
    vTaskDelete                              0x0800106d   Thumb Code   148  tasks.o(.text)
    xTaskIncrementTick                       0x08001101   Thumb Code   206  tasks.o(.text)
    xTaskResumeAll                           0x080011cf   Thumb Code   360  tasks.o(.text)
    vTaskSuspendAll                          0x08001337   Thumb Code    10  tasks.o(.text)
    vTaskDelayUntil                          0x08001341   Thumb Code   128  tasks.o(.text)
    vTaskDelay                               0x080013c1   Thumb Code    70  tasks.o(.text)
    uxTaskPriorityGet                        0x08001407   Thumb Code    26  tasks.o(.text)
    uxTaskPriorityGetFromISR                 0x08001421   Thumb Code    26  tasks.o(.text)
    vTaskPrioritySet                         0x0800143b   Thumb Code   168  tasks.o(.text)
    vTaskSwitchContext                       0x080014e3   Thumb Code    62  tasks.o(.text)
    vTaskSuspend                             0x08001521   Thumb Code   218  tasks.o(.text)
    vTaskResume                              0x080015fb   Thumb Code    96  tasks.o(.text)
    xTaskResumeFromISR                       0x0800165b   Thumb Code   108  tasks.o(.text)
    vTaskStartScheduler                      0x08001723   Thumb Code    68  tasks.o(.text)
    vTaskEndScheduler                        0x08001767   Thumb Code    20  tasks.o(.text)
    xTaskGetTickCount                        0x0800177b   Thumb Code     6  tasks.o(.text)
    xTaskGetTickCountFromISR                 0x08001781   Thumb Code     6  tasks.o(.text)
    uxTaskGetNumberOfTasks                   0x08001787   Thumb Code     6  tasks.o(.text)
    vTaskPlaceOnEventList                    0x0800178d   Thumb Code   110  tasks.o(.text)
    vTaskPlaceOnUnorderedEventList           0x080017fb   Thumb Code    84  tasks.o(.text)
    vTaskPlaceOnEventListRestricted          0x0800184f   Thumb Code    56  tasks.o(.text)
    xTaskRemoveFromEventList                 0x08001887   Thumb Code    88  tasks.o(.text)
    xTaskRemoveFromUnorderedEventList        0x080018df   Thumb Code    70  tasks.o(.text)
    vTaskSetTimeOutState                     0x08001925   Thumb Code    12  tasks.o(.text)
    xTaskCheckForTimeOut                     0x08001931   Thumb Code    76  tasks.o(.text)
    vTaskMissedYield                         0x0800197d   Thumb Code     8  tasks.o(.text)
    xTaskGetCurrentTaskHandle                0x08001985   Thumb Code     6  tasks.o(.text)
    xTaskGetSchedulerState                   0x0800198b   Thumb Code    24  tasks.o(.text)
    vTaskPriorityInherit                     0x080019a3   Thumb Code   132  tasks.o(.text)
    xTaskPriorityDisinherit                  0x08001a27   Thumb Code   114  tasks.o(.text)
    uxTaskResetEventItemValue                0x08001a99   Thumb Code    20  tasks.o(.text)
    pvTaskIncrementMutexHeldCount            0x08001aad   Thumb Code    18  tasks.o(.text)
    ulTaskNotifyTake                         0x08001abf   Thumb Code   140  tasks.o(.text)
    xTaskNotifyWait                          0x08001b4b   Thumb Code   186  tasks.o(.text)
    xTaskGenericNotify                       0x08001c05   Thumb Code   140  tasks.o(.text)
    xTaskNotifyFromISR                       0x08001c91   Thumb Code   158  tasks.o(.text)
    vTaskNotifyGiveFromISR                   0x08001d2f   Thumb Code   118  tasks.o(.text)
    xTimerGenericCommand                     0x08001de5   Thumb Code    94  timers.o(.text)
    xTimerCreateTimerTask                    0x0800207d   Thumb Code    90  timers.o(.text)
    xTimerCreate                             0x080020d7   Thumb Code   102  timers.o(.text)
    xTimerGetTimerDaemonTaskHandle           0x0800213d   Thumb Code     6  timers.o(.text)
    pcTimerGetTimerName                      0x08002143   Thumb Code     4  timers.o(.text)
    xTimerIsTimerActive                      0x08002147   Thumb Code    26  timers.o(.text)
    pvTimerGetTimerID                        0x08002161   Thumb Code    18  timers.o(.text)
    vTimerSetTimerID                         0x08002173   Thumb Code    20  timers.o(.text)
    pxPortInitialiseStack                    0x0800224b   Thumb Code    26  port.o(.text)
    vPortSetupTimerInterrupt                 0x08002265   Thumb Code    14  port.o(.text)
    xPortStartScheduler                      0x08002273   Thumb Code    46  port.o(.text)
    vPortEndScheduler                        0x080022a1   Thumb Code     2  port.o(.text)
    vPortYield                               0x080022a3   Thumb Code    18  port.o(.text)
    vPortEnterCritical                       0x080022b5   Thumb Code    24  port.o(.text)
    vPortExitCritical                        0x080022cd   Thumb Code    18  port.o(.text)
    SysTick_Handler                          0x080022df   Thumb Code    30  port.o(.text)
    pvPortMalloc                             0x08002311   Thumb Code   190  heap_2.o(.text)
    vPortFree                                0x080023cf   Thumb Code    54  heap_2.o(.text)
    xPortGetFreeHeapSize                     0x08002405   Thumb Code     6  heap_2.o(.text)
    vPortInitialiseBlocks                    0x0800240b   Thumb Code     2  heap_2.o(.text)
    crystal_Init                             0x08002419   Thumb Code   154  crystalconfig.o(.text)
    relay_init                               0x080024bd   Thumb Code    60  relay.o(.text)
    relay_onoff                              0x080024f9   Thumb Code    86  relay.o(.text)
    Buzzer_Init                              0x08002559   Thumb Code   190  buzzer.o(.text)
    Buzzer_SetDuty                           0x08002617   Thumb Code    88  buzzer.o(.text)
    Buzzer_SetFreq                           0x0800266f   Thumb Code    90  buzzer.o(.text)
    Buzzer_Start                             0x080026c9   Thumb Code     8  buzzer.o(.text)
    Buzzer_Stop                              0x080026d1   Thumb Code    10  buzzer.o(.text)
    Bluetooth_Init                           0x080026ed   Thumb Code   212  bluetooth.o(.text)
    Bluetooth_Deinit                         0x080027c1   Thumb Code     8  bluetooth.o(.text)
    Bluetooth_connect                        0x080027c9   Thumb Code    20  bluetooth.o(.text)
    Bluetooth_GetData                        0x080027dd   Thumb Code    72  bluetooth.o(.text)
    Bluetooth_GetCommand                     0x08002825   Thumb Code     8  bluetooth.o(.text)
    Bluetooth_ReceiveValidData               0x0800282d   Thumb Code    88  bluetooth.o(.text)
    fputc                                    0x08002885   Thumb Code    30  bluetooth.o(.text)
    Button_Init                              0x080028b1   Thumb Code    38  button.o(.text)
    Button_Read                              0x080028d7   Thumb Code    72  button.o(.text)
    __I2C_Init                               0x08002925   Thumb Code   120  ds1307.o(.text)
    EEPROM_Write_Byte                        0x0800299d   Thumb Code   180  ds1307.o(.text)
    EEPROM_Write                             0x08002a51   Thumb Code   196  ds1307.o(.text)
    EEPROM_Read_Byte                         0x08002b15   Thumb Code   200  ds1307.o(.text)
    EEPROM_Read                              0x08002bdd   Thumb Code   324  ds1307.o(.text)
    SystemInit                               0x08002d45   Thumb Code   222  system_stm32f10x.o(.text)
    SystemCoreClockUpdate                    0x08002e23   Thumb Code    90  system_stm32f10x.o(.text)
    Reset_Handler                            0x08002e9d   Thumb Code     8  startup_stm32f10x_md.o(.text)
    NMI_Handler                              0x08002ea5   Thumb Code     2  startup_stm32f10x_md.o(.text)
    HardFault_Handler                        0x08002ea7   Thumb Code     2  startup_stm32f10x_md.o(.text)
    MemManage_Handler                        0x08002ea9   Thumb Code     2  startup_stm32f10x_md.o(.text)
    BusFault_Handler                         0x08002eab   Thumb Code     2  startup_stm32f10x_md.o(.text)
    UsageFault_Handler                       0x08002ead   Thumb Code     2  startup_stm32f10x_md.o(.text)
    DebugMon_Handler                         0x08002eb1   Thumb Code     2  startup_stm32f10x_md.o(.text)
    ADC1_2_IRQHandler                        0x08002eb7   Thumb Code     0  startup_stm32f10x_md.o(.text)
    CAN1_RX1_IRQHandler                      0x08002eb7   Thumb Code     0  startup_stm32f10x_md.o(.text)
    CAN1_SCE_IRQHandler                      0x08002eb7   Thumb Code     0  startup_stm32f10x_md.o(.text)
    DMA1_Channel1_IRQHandler                 0x08002eb7   Thumb Code     0  startup_stm32f10x_md.o(.text)
    DMA1_Channel2_IRQHandler                 0x08002eb7   Thumb Code     0  startup_stm32f10x_md.o(.text)
    DMA1_Channel3_IRQHandler                 0x08002eb7   Thumb Code     0  startup_stm32f10x_md.o(.text)
    DMA1_Channel4_IRQHandler                 0x08002eb7   Thumb Code     0  startup_stm32f10x_md.o(.text)
    DMA1_Channel5_IRQHandler                 0x08002eb7   Thumb Code     0  startup_stm32f10x_md.o(.text)
    DMA1_Channel6_IRQHandler                 0x08002eb7   Thumb Code     0  startup_stm32f10x_md.o(.text)
    DMA1_Channel7_IRQHandler                 0x08002eb7   Thumb Code     0  startup_stm32f10x_md.o(.text)
    EXTI0_IRQHandler                         0x08002eb7   Thumb Code     0  startup_stm32f10x_md.o(.text)
    EXTI15_10_IRQHandler                     0x08002eb7   Thumb Code     0  startup_stm32f10x_md.o(.text)
    EXTI1_IRQHandler                         0x08002eb7   Thumb Code     0  startup_stm32f10x_md.o(.text)
    EXTI2_IRQHandler                         0x08002eb7   Thumb Code     0  startup_stm32f10x_md.o(.text)
    EXTI3_IRQHandler                         0x08002eb7   Thumb Code     0  startup_stm32f10x_md.o(.text)
    EXTI4_IRQHandler                         0x08002eb7   Thumb Code     0  startup_stm32f10x_md.o(.text)
    EXTI9_5_IRQHandler                       0x08002eb7   Thumb Code     0  startup_stm32f10x_md.o(.text)
    FLASH_IRQHandler                         0x08002eb7   Thumb Code     0  startup_stm32f10x_md.o(.text)
    I2C1_ER_IRQHandler                       0x08002eb7   Thumb Code     0  startup_stm32f10x_md.o(.text)
    I2C1_EV_IRQHandler                       0x08002eb7   Thumb Code     0  startup_stm32f10x_md.o(.text)
    I2C2_ER_IRQHandler                       0x08002eb7   Thumb Code     0  startup_stm32f10x_md.o(.text)
    I2C2_EV_IRQHandler                       0x08002eb7   Thumb Code     0  startup_stm32f10x_md.o(.text)
    PVD_IRQHandler                           0x08002eb7   Thumb Code     0  startup_stm32f10x_md.o(.text)
    RCC_IRQHandler                           0x08002eb7   Thumb Code     0  startup_stm32f10x_md.o(.text)
    RTCAlarm_IRQHandler                      0x08002eb7   Thumb Code     0  startup_stm32f10x_md.o(.text)
    RTC_IRQHandler                           0x08002eb7   Thumb Code     0  startup_stm32f10x_md.o(.text)
    SPI1_IRQHandler                          0x08002eb7   Thumb Code     0  startup_stm32f10x_md.o(.text)
    SPI2_IRQHandler                          0x08002eb7   Thumb Code     0  startup_stm32f10x_md.o(.text)
    TAMPER_IRQHandler                        0x08002eb7   Thumb Code     0  startup_stm32f10x_md.o(.text)
    TIM1_BRK_IRQHandler                      0x08002eb7   Thumb Code     0  startup_stm32f10x_md.o(.text)
    TIM1_CC_IRQHandler                       0x08002eb7   Thumb Code     0  startup_stm32f10x_md.o(.text)
    TIM1_TRG_COM_IRQHandler                  0x08002eb7   Thumb Code     0  startup_stm32f10x_md.o(.text)
    TIM1_UP_IRQHandler                       0x08002eb7   Thumb Code     0  startup_stm32f10x_md.o(.text)
    TIM2_IRQHandler                          0x08002eb7   Thumb Code     0  startup_stm32f10x_md.o(.text)
    TIM3_IRQHandler                          0x08002eb7   Thumb Code     0  startup_stm32f10x_md.o(.text)
    TIM4_IRQHandler                          0x08002eb7   Thumb Code     0  startup_stm32f10x_md.o(.text)
    USART1_IRQHandler                        0x08002eb7   Thumb Code     0  startup_stm32f10x_md.o(.text)
    USART3_IRQHandler                        0x08002eb7   Thumb Code     0  startup_stm32f10x_md.o(.text)
    USBWakeUp_IRQHandler                     0x08002eb7   Thumb Code     0  startup_stm32f10x_md.o(.text)
    USB_HP_CAN1_TX_IRQHandler                0x08002eb7   Thumb Code     0  startup_stm32f10x_md.o(.text)
    USB_LP_CAN1_RX0_IRQHandler               0x08002eb7   Thumb Code     0  startup_stm32f10x_md.o(.text)
    WWDG_IRQHandler                          0x08002eb7   Thumb Code     0  startup_stm32f10x_md.o(.text)
    NVIC_PriorityGroupConfig                 0x08002ec1   Thumb Code    14  misc.o(.text)
    NVIC_Init                                0x08002ecf   Thumb Code   112  misc.o(.text)
    NVIC_SetVectorTable                      0x08002f3f   Thumb Code    16  misc.o(.text)
    NVIC_SystemLPConfig                      0x08002f4f   Thumb Code    18  misc.o(.text)
    SysTick_CLKSourceConfig                  0x08002f61   Thumb Code    22  misc.o(.text)
    RCC_DeInit                               0x08002f85   Thumb Code    54  stm32f10x_rcc.o(.text)
    RCC_HSEConfig                            0x08002fbb   Thumb Code    50  stm32f10x_rcc.o(.text)
    RCC_GetFlagStatus                        0x08002fed   Thumb Code    42  stm32f10x_rcc.o(.text)
    RCC_WaitForHSEStartUp                    0x08003017   Thumb Code    50  stm32f10x_rcc.o(.text)
    RCC_AdjustHSICalibrationValue            0x08003049   Thumb Code    16  stm32f10x_rcc.o(.text)
    RCC_HSICmd                               0x08003059   Thumb Code     6  stm32f10x_rcc.o(.text)
    RCC_PLLConfig                            0x0800305f   Thumb Code    16  stm32f10x_rcc.o(.text)
    RCC_PLLCmd                               0x0800306f   Thumb Code     6  stm32f10x_rcc.o(.text)
    RCC_SYSCLKConfig                         0x08003075   Thumb Code    14  stm32f10x_rcc.o(.text)
    RCC_GetSYSCLKSource                      0x08003083   Thumb Code    10  stm32f10x_rcc.o(.text)
    RCC_HCLKConfig                           0x0800308d   Thumb Code    14  stm32f10x_rcc.o(.text)
    RCC_PCLK1Config                          0x0800309b   Thumb Code    14  stm32f10x_rcc.o(.text)
    RCC_PCLK2Config                          0x080030a9   Thumb Code    16  stm32f10x_rcc.o(.text)
    RCC_ITConfig                             0x080030b9   Thumb Code    18  stm32f10x_rcc.o(.text)
    RCC_USBCLKConfig                         0x080030cb   Thumb Code     8  stm32f10x_rcc.o(.text)
    RCC_ADCCLKConfig                         0x080030d3   Thumb Code    14  stm32f10x_rcc.o(.text)
    RCC_LSEConfig                            0x080030e1   Thumb Code    30  stm32f10x_rcc.o(.text)
    RCC_LSICmd                               0x080030ff   Thumb Code     6  stm32f10x_rcc.o(.text)
    RCC_RTCCLKConfig                         0x08003105   Thumb Code    10  stm32f10x_rcc.o(.text)
    RCC_RTCCLKCmd                            0x0800310f   Thumb Code     6  stm32f10x_rcc.o(.text)
    RCC_GetClocksFreq                        0x08003115   Thumb Code   152  stm32f10x_rcc.o(.text)
    RCC_AHBPeriphClockCmd                    0x080031ad   Thumb Code    18  stm32f10x_rcc.o(.text)
    RCC_APB2PeriphClockCmd                   0x080031bf   Thumb Code    18  stm32f10x_rcc.o(.text)
    RCC_APB1PeriphClockCmd                   0x080031d1   Thumb Code    18  stm32f10x_rcc.o(.text)
    RCC_APB2PeriphResetCmd                   0x080031e3   Thumb Code    18  stm32f10x_rcc.o(.text)
    RCC_APB1PeriphResetCmd                   0x080031f5   Thumb Code    18  stm32f10x_rcc.o(.text)
    RCC_BackupResetCmd                       0x08003207   Thumb Code     6  stm32f10x_rcc.o(.text)
    RCC_ClockSecuritySystemCmd               0x0800320d   Thumb Code     6  stm32f10x_rcc.o(.text)
    RCC_MCOConfig                            0x08003213   Thumb Code     6  stm32f10x_rcc.o(.text)
    RCC_ClearFlag                            0x08003219   Thumb Code    12  stm32f10x_rcc.o(.text)
    RCC_GetITStatus                          0x08003225   Thumb Code    16  stm32f10x_rcc.o(.text)
    RCC_ClearITPendingBit                    0x08003235   Thumb Code     6  stm32f10x_rcc.o(.text)
    GPIO_DeInit                              0x08003265   Thumb Code   192  stm32f10x_gpio.o(.text)
    GPIO_AFIODeInit                          0x08003325   Thumb Code    22  stm32f10x_gpio.o(.text)
    GPIO_Init                                0x0800333b   Thumb Code   186  stm32f10x_gpio.o(.text)
    GPIO_StructInit                          0x080033f5   Thumb Code    16  stm32f10x_gpio.o(.text)
    GPIO_ReadInputDataBit                    0x08003405   Thumb Code    14  stm32f10x_gpio.o(.text)
    GPIO_ReadInputData                       0x08003413   Thumb Code     6  stm32f10x_gpio.o(.text)
    GPIO_ReadOutputDataBit                   0x08003419   Thumb Code    14  stm32f10x_gpio.o(.text)
    GPIO_ReadOutputData                      0x08003427   Thumb Code     6  stm32f10x_gpio.o(.text)
    GPIO_SetBits                             0x0800342d   Thumb Code     4  stm32f10x_gpio.o(.text)
    GPIO_ResetBits                           0x08003431   Thumb Code     4  stm32f10x_gpio.o(.text)
    GPIO_WriteBit                            0x08003435   Thumb Code    10  stm32f10x_gpio.o(.text)
    GPIO_Write                               0x0800343f   Thumb Code     4  stm32f10x_gpio.o(.text)
    GPIO_PinLockConfig                       0x08003443   Thumb Code    16  stm32f10x_gpio.o(.text)
    GPIO_EventOutputConfig                   0x08003453   Thumb Code    22  stm32f10x_gpio.o(.text)
    GPIO_EventOutputCmd                      0x08003469   Thumb Code     6  stm32f10x_gpio.o(.text)
    GPIO_PinRemapConfig                      0x0800346f   Thumb Code   102  stm32f10x_gpio.o(.text)
    GPIO_EXTILineConfig                      0x080034d5   Thumb Code    40  stm32f10x_gpio.o(.text)
    GPIO_ETH_MediaInterfaceConfig            0x080034fd   Thumb Code     8  stm32f10x_gpio.o(.text)
    TIM_DeInit                               0x0800350d   Thumb Code   482  stm32f10x_tim.o(.text)
    TIM_TimeBaseInit                         0x080036ef   Thumb Code   148  stm32f10x_tim.o(.text)
    TIM_OC1Init                              0x08003783   Thumb Code   132  stm32f10x_tim.o(.text)
    TIM_OC2Init                              0x08003807   Thumb Code   138  stm32f10x_tim.o(.text)
    TIM_OC3Init                              0x08003891   Thumb Code   140  stm32f10x_tim.o(.text)
    TIM_OC4Init                              0x0800391d   Thumb Code   104  stm32f10x_tim.o(.text)
    TIM_SetIC4Prescaler                      0x08003985   Thumb Code    24  stm32f10x_tim.o(.text)
    TIM_SetIC3Prescaler                      0x0800399d   Thumb Code    16  stm32f10x_tim.o(.text)
    TIM_SetIC2Prescaler                      0x080039ad   Thumb Code    24  stm32f10x_tim.o(.text)
    TIM_SetIC1Prescaler                      0x080039c5   Thumb Code    16  stm32f10x_tim.o(.text)
    TIM_ICInit                               0x080039d5   Thumb Code   428  stm32f10x_tim.o(.text)
    TIM_PWMIConfig                           0x08003b81   Thumb Code   332  stm32f10x_tim.o(.text)
    TIM_BDTRConfig                           0x08003ccd   Thumb Code    36  stm32f10x_tim.o(.text)
    TIM_TimeBaseStructInit                   0x08003cf1   Thumb Code    18  stm32f10x_tim.o(.text)
    TIM_OCStructInit                         0x08003d03   Thumb Code    20  stm32f10x_tim.o(.text)
    TIM_ICStructInit                         0x08003d17   Thumb Code    16  stm32f10x_tim.o(.text)
    TIM_BDTRStructInit                       0x08003d27   Thumb Code    18  stm32f10x_tim.o(.text)
    TIM_Cmd                                  0x08003d39   Thumb Code    18  stm32f10x_tim.o(.text)
    TIM_CtrlPWMOutputs                       0x08003d4b   Thumb Code    22  stm32f10x_tim.o(.text)
    TIM_ITConfig                             0x08003d61   Thumb Code    16  stm32f10x_tim.o(.text)
    TIM_GenerateEvent                        0x08003d71   Thumb Code     4  stm32f10x_tim.o(.text)
    TIM_DMAConfig                            0x08003d75   Thumb Code     8  stm32f10x_tim.o(.text)
    TIM_DMACmd                               0x08003d7d   Thumb Code    16  stm32f10x_tim.o(.text)
    TIM_InternalClockConfig                  0x08003d8d   Thumb Code    10  stm32f10x_tim.o(.text)
    TIM_SelectInputTrigger                   0x08003d97   Thumb Code    12  stm32f10x_tim.o(.text)
    TIM_ITRxExternalClockConfig              0x08003da3   Thumb Code    20  stm32f10x_tim.o(.text)
    TIM_TIxExternalClockConfig               0x08003db7   Thumb Code   158  stm32f10x_tim.o(.text)
    TIM_ETRConfig                            0x08003e55   Thumb Code    32  stm32f10x_tim.o(.text)
    TIM_ETRClockMode1Config                  0x08003e75   Thumb Code    40  stm32f10x_tim.o(.text)
    TIM_ETRClockMode2Config                  0x08003e9d   Thumb Code    40  stm32f10x_tim.o(.text)
    TIM_PrescalerConfig                      0x08003ec5   Thumb Code     6  stm32f10x_tim.o(.text)
    TIM_CounterModeConfig                    0x08003ecb   Thumb Code    12  stm32f10x_tim.o(.text)
    TIM_EncoderInterfaceConfig               0x08003ed7   Thumb Code    60  stm32f10x_tim.o(.text)
    TIM_ForcedOC1Config                      0x08003f13   Thumb Code    12  stm32f10x_tim.o(.text)
    TIM_ForcedOC2Config                      0x08003f1f   Thumb Code    20  stm32f10x_tim.o(.text)
    TIM_ForcedOC3Config                      0x08003f33   Thumb Code    12  stm32f10x_tim.o(.text)
    TIM_ForcedOC4Config                      0x08003f3f   Thumb Code    20  stm32f10x_tim.o(.text)
    TIM_ARRPreloadConfig                     0x08003f53   Thumb Code    18  stm32f10x_tim.o(.text)
    TIM_SelectCOM                            0x08003f65   Thumb Code    18  stm32f10x_tim.o(.text)
    TIM_SelectCCDMA                          0x08003f77   Thumb Code    18  stm32f10x_tim.o(.text)
    TIM_CCPreloadControl                     0x08003f89   Thumb Code    18  stm32f10x_tim.o(.text)
    TIM_OC1PreloadConfig                     0x08003f9b   Thumb Code    12  stm32f10x_tim.o(.text)
    TIM_OC2PreloadConfig                     0x08003fa7   Thumb Code    20  stm32f10x_tim.o(.text)
    TIM_OC3PreloadConfig                     0x08003fbb   Thumb Code    12  stm32f10x_tim.o(.text)
    TIM_OC4PreloadConfig                     0x08003fc7   Thumb Code    20  stm32f10x_tim.o(.text)
    TIM_OC1FastConfig                        0x08003fdb   Thumb Code    12  stm32f10x_tim.o(.text)
    TIM_OC2FastConfig                        0x08003fe7   Thumb Code    20  stm32f10x_tim.o(.text)
    TIM_OC3FastConfig                        0x08003ffb   Thumb Code    12  stm32f10x_tim.o(.text)
    TIM_OC4FastConfig                        0x08004007   Thumb Code    20  stm32f10x_tim.o(.text)
    TIM_ClearOC1Ref                          0x0800401b   Thumb Code    12  stm32f10x_tim.o(.text)
    TIM_ClearOC2Ref                          0x08004027   Thumb Code    20  stm32f10x_tim.o(.text)
    TIM_ClearOC3Ref                          0x0800403b   Thumb Code    12  stm32f10x_tim.o(.text)
    TIM_ClearOC4Ref                          0x08004047   Thumb Code    20  stm32f10x_tim.o(.text)
    TIM_OC1PolarityConfig                    0x0800405b   Thumb Code    12  stm32f10x_tim.o(.text)
    TIM_OC1NPolarityConfig                   0x08004067   Thumb Code    12  stm32f10x_tim.o(.text)
    TIM_OC2PolarityConfig                    0x08004073   Thumb Code    20  stm32f10x_tim.o(.text)
    TIM_OC2NPolarityConfig                   0x08004087   Thumb Code    20  stm32f10x_tim.o(.text)
    TIM_OC3PolarityConfig                    0x0800409b   Thumb Code    20  stm32f10x_tim.o(.text)
    TIM_OC3NPolarityConfig                   0x080040af   Thumb Code    20  stm32f10x_tim.o(.text)
    TIM_OC4PolarityConfig                    0x080040c3   Thumb Code    20  stm32f10x_tim.o(.text)
    TIM_CCxCmd                               0x080040d7   Thumb Code    26  stm32f10x_tim.o(.text)
    TIM_CCxNCmd                              0x080040f1   Thumb Code    26  stm32f10x_tim.o(.text)
    TIM_SelectOCxM                           0x0800410b   Thumb Code    88  stm32f10x_tim.o(.text)
    TIM_UpdateDisableConfig                  0x08004163   Thumb Code    18  stm32f10x_tim.o(.text)
    TIM_UpdateRequestConfig                  0x08004175   Thumb Code    18  stm32f10x_tim.o(.text)
    TIM_SelectHallSensor                     0x08004187   Thumb Code    18  stm32f10x_tim.o(.text)
    TIM_SelectOnePulseMode                   0x08004199   Thumb Code    16  stm32f10x_tim.o(.text)
    TIM_SelectOutputTrigger                  0x080041a9   Thumb Code    16  stm32f10x_tim.o(.text)
    TIM_SelectSlaveMode                      0x080041b9   Thumb Code    16  stm32f10x_tim.o(.text)
    TIM_SelectMasterSlaveMode                0x080041c9   Thumb Code    16  stm32f10x_tim.o(.text)
    TIM_SetCounter                           0x080041d9   Thumb Code     4  stm32f10x_tim.o(.text)
    TIM_SetAutoreload                        0x080041dd   Thumb Code     4  stm32f10x_tim.o(.text)
    TIM_SetCompare1                          0x080041e1   Thumb Code     4  stm32f10x_tim.o(.text)
    TIM_SetCompare2                          0x080041e5   Thumb Code     4  stm32f10x_tim.o(.text)
    TIM_SetCompare3                          0x080041e9   Thumb Code     4  stm32f10x_tim.o(.text)
    TIM_SetCompare4                          0x080041ed   Thumb Code     6  stm32f10x_tim.o(.text)
    TIM_SetClockDivision                     0x080041f3   Thumb Code    16  stm32f10x_tim.o(.text)
    TIM_GetCapture1                          0x08004203   Thumb Code     4  stm32f10x_tim.o(.text)
    TIM_GetCapture2                          0x08004207   Thumb Code     4  stm32f10x_tim.o(.text)
    TIM_GetCapture3                          0x0800420b   Thumb Code     4  stm32f10x_tim.o(.text)
    TIM_GetCapture4                          0x0800420f   Thumb Code     6  stm32f10x_tim.o(.text)
    TIM_GetCounter                           0x08004215   Thumb Code     4  stm32f10x_tim.o(.text)
    TIM_GetPrescaler                         0x08004219   Thumb Code     4  stm32f10x_tim.o(.text)
    TIM_GetFlagStatus                        0x0800421d   Thumb Code    14  stm32f10x_tim.o(.text)
    TIM_ClearFlag                            0x0800422b   Thumb Code     6  stm32f10x_tim.o(.text)
    TIM_GetITStatus                          0x08004231   Thumb Code    22  stm32f10x_tim.o(.text)
    TIM_ClearITPendingBit                    0x08004247   Thumb Code     6  stm32f10x_tim.o(.text)
    USART_DeInit                             0x080042d5   Thumb Code   148  stm32f10x_usart.o(.text)
    USART_Init                               0x08004369   Thumb Code   174  stm32f10x_usart.o(.text)
    USART_StructInit                         0x08004417   Thumb Code    22  stm32f10x_usart.o(.text)
    USART_ClockInit                          0x0800442d   Thumb Code    36  stm32f10x_usart.o(.text)
    USART_ClockStructInit                    0x08004451   Thumb Code    12  stm32f10x_usart.o(.text)
    USART_Cmd                                0x0800445d   Thumb Code    18  stm32f10x_usart.o(.text)
    USART_ITConfig                           0x0800446f   Thumb Code    48  stm32f10x_usart.o(.text)
    USART_DMACmd                             0x0800449f   Thumb Code    16  stm32f10x_usart.o(.text)
    USART_SetAddress                         0x080044af   Thumb Code    16  stm32f10x_usart.o(.text)
    USART_WakeUpConfig                       0x080044bf   Thumb Code    16  stm32f10x_usart.o(.text)
    USART_ReceiverWakeUpCmd                  0x080044cf   Thumb Code    18  stm32f10x_usart.o(.text)
    USART_LINBreakDetectLengthConfig         0x080044e1   Thumb Code    16  stm32f10x_usart.o(.text)
    USART_LINCmd                             0x080044f1   Thumb Code    18  stm32f10x_usart.o(.text)
    USART_SendData                           0x08004503   Thumb Code     8  stm32f10x_usart.o(.text)
    USART_ReceiveData                        0x0800450b   Thumb Code     8  stm32f10x_usart.o(.text)
    USART_SendBreak                          0x08004513   Thumb Code    10  stm32f10x_usart.o(.text)
    USART_SetGuardTime                       0x0800451d   Thumb Code    16  stm32f10x_usart.o(.text)
    USART_SetPrescaler                       0x0800452d   Thumb Code    16  stm32f10x_usart.o(.text)
    USART_SmartCardCmd                       0x0800453d   Thumb Code    18  stm32f10x_usart.o(.text)
    USART_SmartCardNACKCmd                   0x0800454f   Thumb Code    18  stm32f10x_usart.o(.text)
    USART_HalfDuplexCmd                      0x08004561   Thumb Code    18  stm32f10x_usart.o(.text)
    USART_OverSampling8Cmd                   0x08004573   Thumb Code    18  stm32f10x_usart.o(.text)
    USART_OneBitMethodCmd                    0x08004585   Thumb Code    18  stm32f10x_usart.o(.text)
    USART_IrDAConfig                         0x08004597   Thumb Code    16  stm32f10x_usart.o(.text)
    USART_IrDACmd                            0x080045a7   Thumb Code    18  stm32f10x_usart.o(.text)
    USART_GetFlagStatus                      0x080045b9   Thumb Code    14  stm32f10x_usart.o(.text)
    USART_ClearFlag                          0x080045c7   Thumb Code     6  stm32f10x_usart.o(.text)
    USART_GetITStatus                        0x080045cd   Thumb Code    76  stm32f10x_usart.o(.text)
    USART_ClearITPendingBit                  0x08004619   Thumb Code    14  stm32f10x_usart.o(.text)
    I2C_DeInit                               0x0800462d   Thumb Code    58  stm32f10x_i2c.o(.text)
    I2C_Init                                 0x08004667   Thumb Code   188  stm32f10x_i2c.o(.text)
    I2C_StructInit                           0x08004723   Thumb Code    28  stm32f10x_i2c.o(.text)
    I2C_Cmd                                  0x0800473f   Thumb Code    18  stm32f10x_i2c.o(.text)
    I2C_DMACmd                               0x08004751   Thumb Code    18  stm32f10x_i2c.o(.text)
    I2C_DMALastTransferCmd                   0x08004763   Thumb Code    18  stm32f10x_i2c.o(.text)
    I2C_GenerateSTART                        0x08004775   Thumb Code    18  stm32f10x_i2c.o(.text)
    I2C_GenerateSTOP                         0x08004787   Thumb Code    18  stm32f10x_i2c.o(.text)
    I2C_AcknowledgeConfig                    0x08004799   Thumb Code    18  stm32f10x_i2c.o(.text)
    I2C_OwnAddress2Config                    0x080047ab   Thumb Code    16  stm32f10x_i2c.o(.text)
    I2C_DualAddressCmd                       0x080047bb   Thumb Code    18  stm32f10x_i2c.o(.text)
    I2C_GeneralCallCmd                       0x080047cd   Thumb Code    18  stm32f10x_i2c.o(.text)
    I2C_ITConfig                             0x080047df   Thumb Code    16  stm32f10x_i2c.o(.text)
    I2C_SendData                             0x080047ef   Thumb Code     4  stm32f10x_i2c.o(.text)
    I2C_ReceiveData                          0x080047f3   Thumb Code     6  stm32f10x_i2c.o(.text)
    I2C_Send7bitAddress                      0x080047f9   Thumb Code    16  stm32f10x_i2c.o(.text)
    I2C_ReadRegister                         0x08004809   Thumb Code    12  stm32f10x_i2c.o(.text)
    I2C_SoftwareResetCmd                     0x08004815   Thumb Code    18  stm32f10x_i2c.o(.text)
    I2C_NACKPositionConfig                   0x08004827   Thumb Code    20  stm32f10x_i2c.o(.text)
    I2C_SMBusAlertConfig                     0x0800483b   Thumb Code    20  stm32f10x_i2c.o(.text)
    I2C_TransmitPEC                          0x0800484f   Thumb Code    18  stm32f10x_i2c.o(.text)
    I2C_PECPositionConfig                    0x08004861   Thumb Code    20  stm32f10x_i2c.o(.text)
    I2C_CalculatePEC                         0x08004875   Thumb Code    18  stm32f10x_i2c.o(.text)
    I2C_GetPEC                               0x08004887   Thumb Code     6  stm32f10x_i2c.o(.text)
    I2C_ARPCmd                               0x0800488d   Thumb Code    18  stm32f10x_i2c.o(.text)
    I2C_StretchClockCmd                      0x0800489f   Thumb Code    18  stm32f10x_i2c.o(.text)
    I2C_FastModeDutyCycleConfig              0x080048b1   Thumb Code    20  stm32f10x_i2c.o(.text)
    I2C_CheckEvent                           0x080048c5   Thumb Code    26  stm32f10x_i2c.o(.text)
    I2C_GetLastEvent                         0x080048df   Thumb Code    14  stm32f10x_i2c.o(.text)
    I2C_GetFlagStatus                        0x080048ed   Thumb Code    42  stm32f10x_i2c.o(.text)
    I2C_ClearFlag                            0x08004917   Thumb Code     6  stm32f10x_i2c.o(.text)
    I2C_GetITStatus                          0x0800491d   Thumb Code    34  stm32f10x_i2c.o(.text)
    I2C_ClearITPendingBit                    0x0800493f   Thumb Code     6  stm32f10x_i2c.o(.text)
    __aeabi_memcpy                           0x0800494d   Thumb Code    36  memcpya.o(.text)
    __aeabi_memcpy4                          0x0800494d   Thumb Code     0  memcpya.o(.text)
    __aeabi_memcpy8                          0x0800494d   Thumb Code     0  memcpya.o(.text)
    __aeabi_memset                           0x08004971   Thumb Code    14  memseta.o(.text)
    __aeabi_memset4                          0x08004971   Thumb Code     0  memseta.o(.text)
    __aeabi_memset8                          0x08004971   Thumb Code     0  memseta.o(.text)
    __aeabi_memclr                           0x0800497f   Thumb Code     4  memseta.o(.text)
    __aeabi_memclr4                          0x0800497f   Thumb Code     0  memseta.o(.text)
    __aeabi_memclr8                          0x0800497f   Thumb Code     0  memseta.o(.text)
    _memset$wrapper                          0x08004983   Thumb Code    18  memseta.o(.text)
    __aeabi_fmul                             0x08004995   Thumb Code   100  fmul.o(.text)
    __aeabi_ddiv                             0x080049f9   Thumb Code   222  ddiv.o(.text)
    __aeabi_ui2f                             0x08004ad7   Thumb Code    10  ffltui.o(.text)
    __aeabi_d2uiz                            0x08004ae1   Thumb Code    50  dfixui.o(.text)
    __aeabi_f2d                              0x08004b13   Thumb Code    38  f2d.o(.text)
    __aeabi_uldivmod                         0x08004b39   Thumb Code    98  uldiv.o(.text)
    __aeabi_llsr                             0x08004b9b   Thumb Code    32  llushr.o(.text)
    _ll_ushift_r                             0x08004b9b   Thumb Code     0  llushr.o(.text)
    __I$use$fp                               0x08004bbb   Thumb Code     0  iusefp.o(.text)
    _float_round                             0x08004bbb   Thumb Code    18  fepilogue.o(.text)
    _float_epilogue                          0x08004bcd   Thumb Code    92  fepilogue.o(.text)
    _double_round                            0x08004c29   Thumb Code    30  depilogue.o(.text)
    _double_epilogue                         0x08004c47   Thumb Code   156  depilogue.o(.text)
    __scatterload                            0x08004ce5   Thumb Code    28  init.o(.text)
    __scatterload_rt2                        0x08004ce5   Thumb Code     0  init.o(.text)
    __aeabi_llsl                             0x08004d09   Thumb Code    30  llshl.o(.text)
    _ll_shift_l                              0x08004d09   Thumb Code     0  llshl.o(.text)
    __0printf$8                              0x08004d29   Thumb Code    22  printf8.o(i.__0printf$8)
    __1printf$8                              0x08004d29   Thumb Code     0  printf8.o(i.__0printf$8)
    __2printf                                0x08004d29   Thumb Code     0  printf8.o(i.__0printf$8)
    __scatterload_copy                       0x08004d49   Thumb Code    14  handlers.o(i.__scatterload_copy)
    __scatterload_null                       0x08004d57   Thumb Code     2  handlers.o(i.__scatterload_null)
    __scatterload_zeroinit                   0x08004d59   Thumb Code    14  handlers.o(i.__scatterload_zeroinit)
    Tahoma22x20                              0x080051ca   Data        6432  xtask.o(.constdata)
    Region$$Table$$Base                      0x08006aec   Number         0  anon$$obj.o(Region$$Table)
    Region$$Table$$Limit                     0x08006b0c   Number         0  anon$$obj.o(Region$$Table)
    RelayState                               0x20000000   Data           1  xtask.o(.data)
    xSemaphore                               0x20000008   Data           4  xtask.o(.data)
    relay_Handle                             0x2000000c   Data           4  xtask.o(.data)
    buzzer_Handle                            0x20000010   Data           4  xtask.o(.data)
    bluetooth_Handle                         0x20000014   Data           4  xtask.o(.data)
    button_Handle                            0x20000018   Data           4  xtask.o(.data)
    RxQueue                                  0x2000001c   Data           4  xtask.o(.data)
    RelayQueue                               0x20000020   Data           4  xtask.o(.data)
    BuzzerQueue                              0x20000024   Data           4  xtask.o(.data)
    pxCurrentTCB                             0x20000028   Data           4  tasks.o(.data)
    PWM_Value                                0x20000090   Data           4  buzzer.o(.data)
    SystemCoreClock                          0x20000094   Data           4  system_stm32f10x.o(.data)
    AHBPrescTable                            0x20000098   Data          16  system_stm32f10x.o(.data)
    __stdout                                 0x200000bc   Data           4  stdout.o(.data)
    ReceiveData                              0x200029b0   Data         101  bluetooth.o(.bss)
    __initial_sp                             0x20002e18   Data           0  startup_stm32f10x_md.o(STACK)



==============================================================================

Memory Map of the image

  Image Entry point : 0x080000ed

  Load Region LR_IROM1 (Base: 0x08000000, Size: 0x00006bcc, Max: 0x00010000, ABSOLUTE)

    Execution Region ER_IROM1 (Base: 0x08000000, Size: 0x00006b0c, Max: 0x00010000, ABSOLUTE)

    Base Addr    Size         Type   Attr      Idx    E Section Name        Object

    0x08000000   0x000000ec   Data   RO          438    RESET               startup_stm32f10x_md.o
    0x080000ec   0x00000000   Code   RO          519  * .ARM.Collect$$$$00000000  mc_w.l(entry.o)
    0x080000ec   0x00000004   Code   RO          799    .ARM.Collect$$$$00000001  mc_w.l(entry2.o)
    0x080000f0   0x00000004   Code   RO          802    .ARM.Collect$$$$00000004  mc_w.l(entry5.o)
    0x080000f4   0x00000000   Code   RO          804    .ARM.Collect$$$$00000008  mc_w.l(entry7b.o)
    0x080000f4   0x00000000   Code   RO          806    .ARM.Collect$$$$0000000A  mc_w.l(entry8b.o)
    0x080000f4   0x00000008   Code   RO          807    .ARM.Collect$$$$0000000B  mc_w.l(entry9a.o)
    0x080000fc   0x00000000   Code   RO          809    .ARM.Collect$$$$0000000D  mc_w.l(entry10a.o)
    0x080000fc   0x00000000   Code   RO          811    .ARM.Collect$$$$0000000F  mc_w.l(entry11a.o)
    0x080000fc   0x00000004   Code   RO          800    .ARM.Collect$$$$00002712  mc_w.l(entry2.o)
    0x08000100   0x000000a2   Code   RO          267    .emb_text           port.o
    0x080001a2   0x00000012   Code   RO            1    .text               main.o
    0x080001b4   0x000003ec   Code   RO          174    .text               xtask.o
    0x080005a0   0x00000092   Code   RO          191    .text               list.o
    0x08000632   0x00000002   PAD
    0x08000634   0x000008ca   Code   RO          212    .text               queue.o
    0x08000efe   0x00000002   PAD
    0x08000f00   0x00000ee4   Code   RO          231    .text               tasks.o
    0x08001de4   0x00000460   Code   RO          251    .text               timers.o
    0x08002244   0x000000cc   Code   RO          268    .text               port.o
    0x08002310   0x00000108   Code   RO          287    .text               heap_2.o
    0x08002418   0x000000a4   Code   RO          302    .text               crystalconfig.o
    0x080024bc   0x0000009c   Code   RO          318    .text               relay.o
    0x08002558   0x00000194   Code   RO          334    .text               buzzer.o
    0x080026ec   0x000001c4   Code   RO          349    .text               bluetooth.o
    0x080028b0   0x00000074   Code   RO          364    .text               button.o
    0x08002924   0x00000420   Code   RO          376    .text               ds1307.o
    0x08002d44   0x00000158   Code   RO          399    .text               system_stm32f10x.o
    0x08002e9c   0x00000024   Code   RO          439    .text               startup_stm32f10x_md.o
    0x08002ec0   0x000000c4   Code   RO          443    .text               misc.o
    0x08002f84   0x000002e0   Code   RO          455    .text               stm32f10x_rcc.o
    0x08003264   0x000002a8   Code   RO          470    .text               stm32f10x_gpio.o
    0x0800350c   0x00000dc8   Code   RO          482    .text               stm32f10x_tim.o
    0x080042d4   0x00000358   Code   RO          495    .text               stm32f10x_usart.o
    0x0800462c   0x00000320   Code   RO          507    .text               stm32f10x_i2c.o
    0x0800494c   0x00000024   Code   RO          522    .text               mc_w.l(memcpya.o)
    0x08004970   0x00000024   Code   RO          524    .text               mc_w.l(memseta.o)
    0x08004994   0x00000064   Code   RO          789    .text               mf_w.l(fmul.o)
    0x080049f8   0x000000de   Code   RO          791    .text               mf_w.l(ddiv.o)
    0x08004ad6   0x0000000a   Code   RO          793    .text               mf_w.l(ffltui.o)
    0x08004ae0   0x00000032   Code   RO          795    .text               mf_w.l(dfixui.o)
    0x08004b12   0x00000026   Code   RO          797    .text               mf_w.l(f2d.o)
    0x08004b38   0x00000062   Code   RO          816    .text               mc_w.l(uldiv.o)
    0x08004b9a   0x00000020   Code   RO          818    .text               mc_w.l(llushr.o)
    0x08004bba   0x00000000   Code   RO          820    .text               mc_w.l(iusefp.o)
    0x08004bba   0x0000006e   Code   RO          821    .text               mf_w.l(fepilogue.o)
    0x08004c28   0x000000ba   Code   RO          823    .text               mf_w.l(depilogue.o)
    0x08004ce2   0x00000002   PAD
    0x08004ce4   0x00000024   Code   RO          833    .text               mc_w.l(init.o)
    0x08004d08   0x0000001e   Code   RO          835    .text               mc_w.l(llshl.o)
    0x08004d26   0x00000002   PAD
    0x08004d28   0x00000020   Code   RO          735    i.__0printf$8       mc_w.l(printf8.o)
    0x08004d48   0x0000000e   Code   RO          841    i.__scatterload_copy  mc_w.l(handlers.o)
    0x08004d56   0x00000002   Code   RO          842    i.__scatterload_null  mc_w.l(handlers.o)
    0x08004d58   0x0000000e   Code   RO          843    i.__scatterload_zeroinit  mc_w.l(handlers.o)
    0x08004d66   0x00000002   PAD
    0x08004d68   0x00000410   Code   RO          742    i._printf_core      mc_w.l(printf8.o)
    0x08005178   0x00000024   Code   RO          743    i._printf_post_padding  mc_w.l(printf8.o)
    0x0800519c   0x0000002e   Code   RO          744    i._printf_pre_padding  mc_w.l(printf8.o)
    0x080051ca   0x00001920   Data   RO          175    .constdata          xtask.o
    0x08006aea   0x00000002   PAD
    0x08006aec   0x00000020   Data   RO          839    Region$$Table       anon$$obj.o


    Execution Region RW_IRAM1 (Base: 0x20000000, Size: 0x00002e18, Max: 0x00005000, ABSOLUTE)

    Base Addr    Size         Type   Attr      Idx    E Section Name        Object

    0x20000000   0x00000028   Data   RW          176    .data               xtask.o
    0x20000028   0x00000038   Data   RW          233    .data               tasks.o
    0x20000060   0x00000014   Data   RW          253    .data               timers.o
    0x20000074   0x00000004   Data   RW          269    .data               port.o
    0x20000078   0x00000018   Data   RW          289    .data               heap_2.o
    0x20000090   0x00000004   Data   RW          335    .data               buzzer.o
    0x20000094   0x00000014   Data   RW          400    .data               system_stm32f10x.o
    0x200000a8   0x00000014   Data   RW          456    .data               stm32f10x_rcc.o
    0x200000bc   0x00000004   Data   RW          813    .data               mc_w.l(stdout.o)
    0x200000c0   0x000000c8   Zero   RW          232    .bss                tasks.o
    0x20000188   0x00000028   Zero   RW          252    .bss                timers.o
    0x200001b0   0x00002800   Zero   RW          288    .bss                heap_2.o
    0x200029b0   0x00000065   Zero   RW          350    .bss                bluetooth.o
    0x20002a15   0x00000003   PAD
    0x20002a18   0x00000400   Zero   RW          436    STACK               startup_stm32f10x_md.o


==============================================================================

Image component sizes


      Code (inc. data)   RO Data    RW Data    ZI Data      Debug   Object Name

       452         14          0          0        101       2530   bluetooth.o
       116          6          0          0          0        638   button.o
       404         18          0          4          0       2593   buzzer.o
       164         10          0          0          0      15734   crystalconfig.o
      1056         36          0          0          0       2715   ds1307.o
       264         12          0         24      10240       3076   heap_2.o
       146          0          0          0          0       3274   list.o
        18          0          0          0          0     276803   main.o
       196         14          0          0          0       1921   misc.o
       366         32          0          4          0       4297   port.o
      2250          0          0          0          0      15007   queue.o
       156         10          0          0          0       1949   relay.o
        36          8        236          0       1024        856   startup_stm32f10x_md.o
       680          8          0          0          0       6149   stm32f10x_gpio.o
       800          8          0          0          0       9363   stm32f10x_i2c.o
       736         42          0         20          0       9182   stm32f10x_rcc.o
      3528         32          0          0          0      25390   stm32f10x_tim.o
       856          6          0          0          0       8632   stm32f10x_usart.o
       344         32          0         20          0       1875   system_stm32f10x.o
      3812        106          0         56        200      19977   tasks.o
      1120         38          0         20         40       8306   timers.o
      1004        144       6432         40          0       4072   xtask.o

    ----------------------------------------------------------------------
     18508        576       6702        188      11608     424339   Object Totals
         0          0         32          0          0          0   (incl. Generated)
         4          0          2          0          3          0   (incl. Padding)

    ----------------------------------------------------------------------

      Code (inc. data)   RO Data    RW Data    ZI Data      Debug   Library Member Name

         0          0          0          0          0          0   entry.o
         0          0          0          0          0          0   entry10a.o
         0          0          0          0          0          0   entry11a.o
         8          4          0          0          0          0   entry2.o
         4          0          0          0          0          0   entry5.o
         0          0          0          0          0          0   entry7b.o
         0          0          0          0          0          0   entry8b.o
         8          4          0          0          0          0   entry9a.o
        30          0          0          0          0          0   handlers.o
        36          8          0          0          0         68   init.o
         0          0          0          0          0          0   iusefp.o
        30          0          0          0          0         68   llshl.o
        32          0          0          0          0         68   llushr.o
        36          0          0          0          0         68   memcpya.o
        36          0          0          0          0        108   memseta.o
      1154         54          0          0          0        352   printf8.o
         0          0          0          4          0          0   stdout.o
        98          0          0          0          0         92   uldiv.o
       222          0          0          0          0        100   ddiv.o
       186          0          0          0          0        176   depilogue.o
        50          0          0          0          0         76   dfixui.o
        38          0          0          0          0         68   f2d.o
       110          0          0          0          0        168   fepilogue.o
        10          0          0          0          0         68   ffltui.o
       100          0          0          0          0         76   fmul.o

    ----------------------------------------------------------------------
      2194         70          0          4          0       1556   Library Totals
         6          0          0          0          0          0   (incl. Padding)

    ----------------------------------------------------------------------

      Code (inc. data)   RO Data    RW Data    ZI Data      Debug   Library Name

      1472         70          0          4          0        824   mc_w.l
       716          0          0          0          0        732   mf_w.l

    ----------------------------------------------------------------------
      2194         70          0          4          0       1556   Library Totals

    ----------------------------------------------------------------------

==============================================================================


      Code (inc. data)   RO Data    RW Data    ZI Data      Debug   

     20702        646       6702        192      11608     422459   Grand Totals
     20702        646       6702        192      11608     422459   ELF Image Totals
     20702        646       6702        192          0          0   ROM Totals

==============================================================================

    Total RO  Size (Code + RO Data)                27404 (  26.76kB)
    Total RW  Size (RW Data + ZI Data)             11800 (  11.52kB)
    Total ROM Size (Code + RO Data + RW Data)      27596 (  26.95kB)

==============================================================================

